05-11 23:18:52.668   614   742 W SocketListener: sending broadcast to Pid = 1294, Uid = 1000 
05-11 23:23:51.641   614   743 W SocketListener: sending broadcast to Pid = 1294, Uid = 1000 
05-11 23:23:51.641   614   748 W SocketListener: sending broadcast to Pid = 1294, Uid = 1000 
05-11 23:23:51.658   614   742 W SocketListener: sending broadcast to Pid = 1294, Uid = 1000 
05-11 23:23:51.658   614   743 W SocketListener: sending broadcast to Pid = 1294, Uid = 1000 
05-11 23:23:51.688  1294  1820 I chatty  : uid=1000(system) WifiP2pService expire 12 lines
05-11 23:23:51.705  2073  2231 I chatty  : uid=1000(system) HwCommBoosterTh expire 18 lines
05-11 23:23:51.710  1294  1777 I chatty  : uid=1000(system) NetworkStats expire 18 lines
05-11 23:23:51.722  1294  2702 I chatty  : uid=1000(system) Binder:1294_C expire 10 lines
05-11 23:23:51.727  1294  2637 I chatty  : uid=1000 system_server expire 16 lines
05-11 23:23:51.728  1294  1294 I chatty  : uid=1000 system_server expire 57 lines
05-11 23:23:51.731  1294  1824 I chatty  : uid=1000(system) ConnectivitySer expire 162 lines
05-11 23:23:51.731  2073  2073 I chatty  : uid=1000(system) com.huawei.systemserver expire 44 lines
05-11 23:23:51.731   614   743 W SocketListener: sending broadcast to Pid = 1294, Uid = 1000 
05-11 23:23:51.732  1294  1767 I chatty  : uid=1000(system) NetdConnector expire 74 lines
05-11 23:23:51.733  1294  1532 I chatty  : uid=1000(system) android.fg expire 19 lines
05-11 23:23:51.756   614   743 W SocketListener: sending broadcast to Pid = 1294, Uid = 1000 
05-11 23:23:51.758   614   743 W SocketListener: sending broadcast to Pid = 1294, Uid = 1000 
05-11 23:23:51.761   788   788 I wificond: Pno scan started
05-11 23:23:51.790  1294  1975 I chatty  : uid=1000(system) Binder:1294_5 expire 16 lines
05-11 23:23:52.911   788   788 I wificond: Pno scan result ready event
05-11 23:23:52.937   788   788 W wificond: Scan is not started. Ignore abort request
05-11 23:23:53.103   614   743 W SocketListener: sending broadcast to Pid = 1294, Uid = 1000 
05-11 23:23:53.103   614   743 I chatty  : uid=0(root) /system/bin/netd identical 2 lines
05-11 23:23:53.103   614   743 W SocketListener: sending broadcast to Pid = 1294, Uid = 1000 
05-11 23:23:53.208  1294  2203 I chatty  : uid=1000(system) Binder:1294_7 expire 14 lines
05-11 23:23:53.248   614   743 W SocketListener: sending broadcast to Pid = 1294, Uid = 1000 
05-11 23:23:53.255   788   788 I wificond: Pno scan stopped
05-11 23:23:53.319   614   743 W SocketListener: sending broadcast to Pid = 1294, Uid = 1000 
05-11 23:23:53.319   614   743 W SocketListener: sending broadcast to Pid = 1294, Uid = 1000 
05-11 23:23:53.532   614   743 W SocketListener: sending broadcast to Pid = 1294, Uid = 1000 
05-11 23:23:53.574 13805 13927 W ContextImpl: Calling a method in the system process without a qualified user: android.app.ContextImpl.startService:1771 android.content.ContextWrapper.startService:664 com.huawei.netassistant.wifisecure.HsmWifiDetectManager.handleWifiStateChangeEvent:147 com.huawei.netassistant.wifisecure.WifiStateReceiver.doInBackground:26 java.lang.reflect.Method.invoke:-2 
05-11 23:23:53.618 16419 16419 D ActivityThread: Attach thread to application
05-11 23:23:53.643 16432 16432 D ActivityThread: Attach thread to application
05-11 23:23:53.691  1294  2043 I chatty  : uid=1000(system) NetworkTimeUpda expire 2 lines
05-11 23:23:53.694  1294  9613 I chatty  : uid=1000(system) Binder:1294_14 expire 34 lines
05-11 23:23:53.705 13805 13805 W ContextImpl: Calling a method in the system process without a qualified user: android.app.ContextImpl.startService:1771 android.content.ContextWrapper.startService:664 com.huawei.systemmanager.rainbow.client.background.service.CloudBroadcastHandlerService.startRainbowCommonService:121 com.huawei.systemmanager.rainbow.client.background.service.CloudBroadcastHandlerService.access$000:23 com.huawei.systemmanager.rainbow.client.background.service.CloudBroadcastHandlerService$1.onReceive:90 
05-11 23:23:53.707  1294  2725 I chatty  : uid=1000(system) Binder:1294_E expire 47 lines
05-11 23:23:53.715  1294  7044 I chatty  : uid=1000(system) Binder:1294_11 expire 16 lines
05-11 23:23:53.758 16432 16432 W ContextImpl: Calling a method in the system process without a qualified user: android.app.ContextImpl.bindService:1851 android.content.ContextWrapper.bindService:698 com.huawei.library.stat.client.HsmStatProxy.bindService:276 com.huawei.library.stat.client.HsmStatProxy.access$000:34 com.huawei.library.stat.client.HsmStatProxy$1.handleMessage:67 
05-11 23:23:53.761  1294 16411 I chatty  : uid=1000 system_server expire 2 lines
05-11 23:23:53.768 16483 16483 D ActivityThread: Attach thread to application
05-11 23:23:53.980  9614  9704 W ContextImpl: Calling a method in the system process without a qualified user: android.app.ContextImpl.sendBroadcast:1162 android.content.ContextWrapper.sendBroadcast:444 ey.a:73 ey.i:73 es.l:6 
05-11 23:23:54.000 16312 16527 W PackageParser: Problem in package /data/app/com.huawei.appmarket-9WtQK3r019ztOsOBeLZhqQ==/base.apk:
05-11 23:23:54.001 16312 16527 W PackageParser: Unknown element under <activity>: intent-downloadFilter at /data/app/com.huawei.appmarket-9WtQK3r019ztOsOBeLZhqQ==/base.apk Binary XML file line #837
05-11 23:23:54.175  1294  1509 I chatty  : uid=1000(system) ActivityManager expire 10 lines
05-11 23:23:54.183  1294  2048 I chatty  : uid=1000(system) GpsXtraReceiver expire 2 lines
05-11 23:23:54.330   614   743 W SocketListener: sending broadcast to Pid = 1294, Uid = 1000 
05-11 23:23:56.808 16432 16432 W ContextImpl: Calling a method in the system process without a qualified user: android.app.ContextImpl.bindService:1851 android.content.ContextWrapper.bindService:698 tmsdkobf.hj.bn:41 tmsdk.common.TMSDKContext.init:63 com.huawei.library.sdk.tmsdk.TMSdkEngine.init:55 
05-11 23:23:56.826 16432 16432 W ContextImpl: Calling a method in the system process without a qualified user: android.app.ContextImpl.startService:1771 android.content.ContextWrapper.startService:664 tmsdk.common.TMSDKContext.init:214 com.huawei.library.sdk.tmsdk.TMSdkEngine.init:55 com.huawei.library.sdk.tmsdk.TMSdkEngine.initTMSDK:37 
05-11 23:23:57.129  2073  2089 I chatty  : uid=1000(system) Binder:2073_3 expire 12 lines
05-11 23:24:01.812  1294  1850 I chatty  : uid=1000(system) ConnectivityThr expire 10 lines
05-11 23:24:13.114  2109  3361 W ContextImpl: Calling a method in the system process without a qualified user: android.app.ContextImpl.bindService:1851 android.content.ContextWrapper.bindService:698 com.huawei.hms.api.HuaweiApiClientImpl.f:558 com.huawei.hms.api.HuaweiApiClientImpl.connect:397 com.huawei.lcagent.service.process.push.PushTokenManager.connectPush:150 
05-11 23:24:13.133  1294  2724 I chatty  : uid=1000(system) Binder:1294_D expire 15 lines
05-11 23:24:13.135  1294  1448 I chatty  : uid=1000(system) Binder:1294_2 expire 24 lines
05-11 23:25:00.656   614   742 W SocketListener: sending broadcast to Pid = 1294, Uid = 1000 
05-11 23:25:00.657  1294  1767 I chatty  : uid=1000(system) NetdConnector expire 68 lines
05-11 23:25:00.666   614   742 W SocketListener: sending broadcast to Pid = 1294, Uid = 1000 
05-11 23:25:02.264  1294  2725 I chatty  : uid=1000(system) Binder:1294_E expire 11 lines
05-11 23:28:51.651   614   742 W SocketListener: sending broadcast to Pid = 1294, Uid = 1000 
05-11 23:28:51.880  1294  1294 I chatty  : uid=1000 system_server expire 12 lines
05-11 23:28:51.903   614   742 W SocketListener: sending broadcast to Pid = 1294, Uid = 1000 
05-11 23:29:59.657   614   742 W SocketListener: sending broadcast to Pid = 1294, Uid = 1000 
05-11 23:29:59.660  1294  1532 I chatty  : uid=1000(system) android.fg expire 26 lines
05-11 23:30:00.120  2109  3361 W ContextImpl: Calling a method in the system process without a qualified user: android.app.ContextImpl.bindService:1851 android.content.ContextWrapper.bindService:698 com.huawei.hms.api.HuaweiApiClientImpl.f:558 com.huawei.hms.api.HuaweiApiClientImpl.connect:397 com.huawei.lcagent.service.process.push.PushTokenManager.connectPush:150 
05-11 23:30:00.218  1294  1446 I chatty  : uid=1000(system) Binder:1294_1 expire 12 lines
05-11 23:30:00.242   614   742 W SocketListener: sending broadcast to Pid = 1294, Uid = 1000 
05-11 23:30:00.607  1294 16649 I chatty  : uid=1000 system_server expire 4 lines
05-11 23:30:00.619  2073  7039 I chatty  : uid=1000(system) Binder:2073_8 expire 12 lines
05-11 23:30:00.619  2073  2073 I chatty  : uid=1000(system) com.huawei.systemserver expire 44 lines
05-11 23:30:00.641  1294  1820 I chatty  : uid=1000(system) WifiP2pService expire 17 lines
05-11 23:30:00.657   614   748 W SocketListener: sending broadcast to Pid = 1294, Uid = 1000 
05-11 23:30:00.661   614   748 W SocketListener: sending broadcast to Pid = 1294, Uid = 1000 
05-11 23:30:00.663   614   743 W SocketListener: sending broadcast to Pid = 1294, Uid = 1000 
05-11 23:30:00.663   614   743 W SocketListener: sending broadcast to Pid = 1294, Uid = 1000 
05-11 23:30:00.669   614   743 W SocketListener: sending broadcast to Pid = 1294, Uid = 1000 
05-11 23:30:00.754   614   743 W SocketListener: sending broadcast to Pid = 1294, Uid = 1000 
05-11 23:30:00.754   614   743 W SocketListener: sending broadcast to Pid = 1294, Uid = 1000 
05-11 23:30:00.755   614   748 W SocketListener: sending broadcast to Pid = 1294, Uid = 1000 
05-11 23:30:00.756   614   743 W SocketListener: sending broadcast to Pid = 1294, Uid = 1000 
05-11 23:30:00.767  1294  1767 I chatty  : uid=1000(system) NetdConnector expire 46 lines
05-11 23:30:00.774   614   743 W SocketListener: sending broadcast to Pid = 1294, Uid = 1000 
05-11 23:30:00.775   614   743 W SocketListener: sending broadcast to Pid = 1294, Uid = 1000 
05-11 23:30:00.795   788   788 I wificond: Unsubscribe scan result for interface with index: 33
05-11 23:30:00.796   788   788 W wificond: enter wifi_stop_supplicant ...
05-11 23:30:00.796   788   788 W wificond: supplicant prop is null, wait at most 2 seconds for completion
05-11 23:30:00.827  1294  1294 I chatty  : uid=1000 system_server expire 36 lines
05-11 23:30:00.830  1294  2725 I chatty  : uid=1000(system) Binder:1294_E expire 10 lines
05-11 23:30:00.928   614   748 W SocketListener: sending broadcast to Pid = 1294, Uid = 1000 
05-11 23:30:00.967   614   743 W SocketListener: sending broadcast to Pid = 1294, Uid = 1000 
05-11 23:30:00.979   614   743 W SocketListener: sending broadcast to Pid = 1294, Uid = 1000 
05-11 23:30:00.980   614   743 W SocketListener: sending broadcast to Pid = 1294, Uid = 1000 
05-11 23:30:00.996   659   659 E vendor.huawei.hardware.wifi@1.1-service: Failed to open directory: Permission denied
05-11 23:30:00.996   659   659 E vendor.huawei.hardware.wifi@1.1-service: Error occurred while deleting old tombstone files
05-11 23:30:00.996   659   659 E vendor.huawei.hardware.wifi@1.1-service: Error writing files to flash
05-11 23:30:00.997   659   659 I vendor.huawei.hardware.wifi@1.1-service: Legacy HAL stop complete callback received
05-11 23:30:01.201   659   659 I vendor.huawei.hardware.wifi@1.1-service: Wifi HAL stopped
05-11 23:30:01.206  1294  1824 I chatty  : uid=1000(system) ConnectivitySer expire 37 lines
05-11 23:30:01.212  2073  2231 I chatty  : uid=1000(system) HwCommBoosterTh expire 20 lines
05-11 23:30:01.222  1294  1777 I chatty  : uid=1000(system) NetworkStats expire 22 lines
05-11 23:30:01.258  1294  2702 I chatty  : uid=1000(system) Binder:1294_C expire 27 lines
05-11 23:30:01.290  1294  2637 I chatty  : uid=1000 system_server expire 4 lines
05-11 23:30:01.293   614   743 W SocketListener: sending broadcast to Pid = 1294, Uid = 1000 
05-11 23:30:01.303  1294 14966 I chatty  : uid=1000(system) Binder:1294_1F expire 11 lines
05-11 23:30:01.328  1294  2456 I chatty  : uid=1000(system) Binder:1294_9 expire 17 lines
05-11 23:30:01.350   659   659 I vendor.huawei.hardware.wifi@1.1-service: Wifi HAL started
05-11 23:30:01.350   788   788 W wificond: enter StartSupplicant ...
05-11 23:30:01.357   788   788 W wificond: wifi_start_supplicant try to wait start
05-11 23:30:02.272   659   659 I vendor.huawei.hardware.wifi@1.1-service: Adding interface handle for wlan0
05-11 23:30:02.272   659   659 I vendor.huawei.hardware.wifi@1.1-service: Adding interface handle for p2p0
05-11 23:30:02.272   659   659 E vendor.huawei.hardware.wifi@1.1-service: Failed to register radio mode change callback
05-11 23:30:02.272   659   659 I vendor.huawei.hardware.wifi@1.1-service: Configured chip in mode 0
05-11 23:30:02.273   614   743 W SocketListener: sending broadcast to Pid = 1294, Uid = 1000 
05-11 23:30:02.274   659   659 E vendor.huawei.hardware.wifi@1.1-service: Failed to set DFS flag; DFS channels may be unavailable.
05-11 23:30:02.289   788   788 I wificond: create scanner for interface with index: 33
05-11 23:30:02.289   788   788 I wificond: subscribe scan result for interface with index: 33
05-11 23:30:02.292   788   788 E wificond: No Offload Service available
05-11 23:30:02.292   788   788 I wificond: Offload HAL not supported 
05-11 23:30:02.301   614   743 W SocketListener: sending broadcast to Pid = 1294, Uid = 1000 
05-11 23:30:02.302   614   743 W SocketListener: sending broadcast to Pid = 1294, Uid = 1000 
05-11 23:30:02.324  1294  7044 I chatty  : uid=1000(system) Binder:1294_11 expire 23 lines
05-11 23:30:02.407   788   788 W wificond: No pno scan started
05-11 23:30:02.407   788   788 W wificond: Scheduled scan is not running!
05-11 23:30:02.414  1294  1785 I chatty  : uid=1000(system) WifiStateMachin expire 11 lines
05-11 23:30:02.434  1294  1448 I chatty  : uid=1000(system) Binder:1294_2 expire 18 lines
05-11 23:30:14.694   786   982 I storaged: storaged_t::event: storage_info refreshed.
05-12 00:07:43.686  1294  1767 I chatty  : uid=1000(system) NetdConnector expire 16 lines
05-12 00:07:48.666  2073  2073 I chatty  : uid=1000(system) com.huawei.systemserver expire 11 lines
05-12 00:07:48.835  1294  1294 I chatty  : uid=1000 system_server expire 33 lines
05-12 00:13:53.030  1294  1975 I chatty  : uid=1000(system) Binder:1294_5 expire 14 lines
05-12 00:13:53.101  1294  9613 I chatty  : uid=1000(system) Binder:1294_14 expire 4 lines
05-12 00:26:04.697  1294  2702 I chatty  : uid=1000(system) Binder:1294_C expire 20 lines
05-12 00:26:04.728  1294  1722 I chatty  : uid=1000(system) NetworkWatchlis expire 4 lines
05-12 00:26:04.787  2149  3152 W ContextImpl: Calling a method in the system process without a qualified user: android.app.ContextImpl.sendBroadcast:1183 android.content.ContextWrapper.sendBroadcast:449 com.huawei.iaware.userhabit.NRTUserHabitTrainManager$NRTUserHabitHandler.handleTrain:444 com.huawei.iaware.userhabit.NRTUserHabitTrainManager$NRTUserHabitHandler.handleMessage:252 android.os.Handler.dispatchMessage:112 
05-12 00:26:14.809  1294 16684 I chatty  : uid=1000 system_server expire 6 lines
05-12 00:26:16.046   614   743 W SocketListener: sending broadcast to Pid = 1294, Uid = 1000 
05-12 00:26:16.050  1294  1532 I chatty  : uid=1000(system) android.fg expire 15 lines
05-12 00:26:22.894  2073  2073 I chatty  : uid=1000(system) com.huawei.systemserver expire 11 lines
05-12 00:26:44.771  1294  1294 I chatty  : uid=1000 system_server expire 29 lines
05-12 00:26:47.919   786   982 I storaged: storaged_t::event: storage_info refreshed.
05-12 00:26:47.920   786   982 I storaged: storaged_t::event: Pidm reported.
05-12 00:26:47.920   786   982 E storaged: pid_info get_pids failed
05-12 00:26:55.084  2073  3899 I chatty  : uid=1000(system) Binder:2073_7 expire 12 lines
05-12 00:26:55.186  1294  1975 I chatty  : uid=1000(system) Binder:1294_5 expire 19 lines
05-12 01:25:18.854  1294 14879 I chatty  : uid=1000(system) Binder:1294_1D expire 12 lines
05-12 01:25:18.855  1294  1777 I chatty  : uid=1000(system) NetworkStats expire 40 lines
05-12 01:25:18.918  1294 14889 I chatty  : uid=1000(system) Binder:1294_1E expire 17 lines
05-12 01:25:18.929  1294  2618 I chatty  : uid=1000(system) Binder:1294_A expire 13 lines
05-12 01:25:18.933  1294  7045 I chatty  : uid=1000(system) Binder:1294_12 expire 28 lines
05-12 01:25:18.938  1294 16722 I chatty  : uid=1000(system) Binder:1294_20 expire 63 lines
05-12 01:25:18.949  1294  1505 I chatty  : uid=1000(system) android.bg expire 10 lines
05-12 01:25:18.968  4672  4866 W ContextImpl: Calling a method in the system process without a qualified user: android.app.ContextImpl.bindService:1851 android.content.ContextWrapper.bindService:698 com.huawei.decision.integration.data.IntentServiceNotify.sendResponse:91 com.huawei.decision.integration.data.IntentServiceNotify.send:66 com.huawei.decision.integration.data.IntentNotify.execute:47 
05-12 01:25:18.969  1294  1767 I chatty  : uid=1000(system) NetdConnector expire 20 lines
05-12 01:25:18.988  1294  2049 I chatty  : uid=1000(system) MultiTaskManage expire 11 lines
05-12 01:25:19.002 16728 16728 D ActivityThread: Attach thread to application
05-12 01:25:19.126  1294  1509 I chatty  : uid=1000(system) ActivityManager expire 13 lines
05-12 01:25:23.963  2073  7677 I chatty  : uid=1000(system) Binder:2073_9 expire 12 lines
05-12 01:25:24.001 16776 16776 D ActivityThread: Attach thread to application
05-12 01:25:24.191 16813 16813 D ActivityThread: Attach thread to application
05-12 01:25:24.212  1294  2621 I chatty  : uid=1000(system) Binder:1294_B expire 23 lines
05-12 01:25:27.272  2109  3361 W ContextImpl: Calling a method in the system process without a qualified user: android.app.ContextImpl.bindService:1851 android.content.ContextWrapper.bindService:698 com.huawei.hms.api.HuaweiApiClientImpl.f:558 com.huawei.hms.api.HuaweiApiClientImpl.connect:397 com.huawei.lcagent.service.process.push.PushTokenManager.connectPush:150 
05-12 01:25:37.082  2073  2073 I chatty  : uid=1000(system) com.huawei.systemserver expire 18 lines
05-12 01:25:49.152  1294  1294 I chatty  : uid=1000 system_server expire 14 lines
05-12 01:43:52.694  1294 12760 I chatty  : uid=1000(system) Binder:1294_1A expire 39 lines
05-12 01:43:52.697  2073  7039 I chatty  : uid=1000(system) Binder:2073_8 expire 15 lines
05-12 01:43:53.198  1294  1844 I chatty  : uid=1000(system) Thread-6 expire 10 lines
05-12 03:19:45.976   786   982 I storaged: storaged_t::event: storage_info refreshed.
05-12 03:19:46.106  1294 12308 I chatty  : uid=1000(system) Binder:1294_19 expire 30 lines
05-12 03:19:46.126  1294  1294 I chatty  : uid=1000 system_server expire 16 lines
05-12 03:19:46.158  1294  2702 I chatty  : uid=1000(system) Binder:1294_C expire 19 lines
05-12 03:19:48.158  1294  2000 I chatty  : uid=1000(system) watchdog expire 10 lines
05-12 03:20:01.284  2073  2073 I chatty  : uid=1000(system) com.huawei.systemserver expire 10 lines
05-12 03:20:16.196  1294  1767 I chatty  : uid=1000(system) NetdConnector expire 10 lines
05-12 04:02:38.667  1294  1777 I chatty  : uid=1000(system) NetworkStats expire 33 lines
05-12 04:02:38.674  1294  1653 I chatty  : uid=1000(system) AlarmManager expire 2 lines
05-12 04:02:38.792  1294  1513 I chatty  : uid=1000(system) ActivityManager expire 11 lines
05-12 04:02:38.814 16868 16868 D ActivityThread: Attach thread to application
05-12 04:02:38.906  1294 14966 I chatty  : uid=1000(system) Binder:1294_1F expire 10 lines
05-12 04:02:38.924  2073  2569 I chatty  : uid=1000(system) Binder:2073_5 expire 12 lines
05-12 04:28:52.654  1294  1624 I chatty  : uid=1000(system) UEventObserver expire 12 lines
05-12 04:28:52.667  1294  2095 I chatty  : uid=1000(system) HwBinder:1294_4 expire 1 line
05-12 05:13:52.682  1294  1294 I chatty  : uid=1000 system_server expire 13 lines
05-12 05:13:52.775 16904 16904 D ActivityThread: Attach thread to application
05-12 06:13:52.759  1294  1777 I chatty  : uid=1000(system) NetworkStats expire 16 lines
05-12 06:13:52.772  1294  1767 I chatty  : uid=1000(system) NetdConnector expire 88 lines
05-12 06:13:52.892  1294  7049 I chatty  : uid=1000(system) Binder:1294_13 expire 46 lines
05-12 06:13:52.928  1294  1911 I chatty  : uid=1000(system) Binder:1294_4 expire 21 lines
05-12 06:13:52.940  1294  2702 I chatty  : uid=1000(system) Binder:1294_C expire 56 lines
05-12 06:13:53.000 16945 16945 D ActivityThread: Attach thread to application
05-12 06:13:53.013  1294  1975 I chatty  : uid=1000(system) Binder:1294_5 expire 51 lines
05-12 06:13:53.026  1294  1446 I chatty  : uid=1000(system) Binder:1294_1 expire 11 lines
05-12 06:13:53.254   614   743 W SocketListener: sending broadcast to Pid = 1294, Uid = 1000 
05-12 06:13:53.254   614   743 W SocketListener: sending broadcast to Pid = 1294, Uid = 1000 
05-12 06:13:53.255   614   748 W SocketListener: sending broadcast to Pid = 1294, Uid = 1000 
05-12 06:13:53.291   614   743 W SocketListener: sending broadcast to Pid = 1294, Uid = 1000 
05-12 06:13:53.315   788   788 I wificond: Unsubscribe scan result for interface with index: 33
05-12 06:13:53.316   788   788 W wificond: enter wifi_stop_supplicant ...
05-12 06:13:53.316   788   788 W wificond: supplicant prop is null, wait at most 2 seconds for completion
05-12 06:13:53.328   659   659 E vendor.huawei.hardware.wifi@1.1-service: Failed to open directory: Permission denied
05-12 06:13:53.328   659   659 E vendor.huawei.hardware.wifi@1.1-service: Error occurred while deleting old tombstone files
05-12 06:13:53.328   659   659 E vendor.huawei.hardware.wifi@1.1-service: Error writing files to flash
05-12 06:13:53.329   659   659 I vendor.huawei.hardware.wifi@1.1-service: Legacy HAL stop complete callback received
05-12 06:13:53.531   659   659 I vendor.huawei.hardware.wifi@1.1-service: Wifi HAL stopped
05-12 06:13:53.540   659   659 I vendor.huawei.hardware.wifi@1.1-service: Wifi HAL started
05-12 06:13:53.542   788   788 W wificond: enter StartSupplicant ...
05-12 06:13:53.542  1294  1820 I chatty  : uid=1000(system) WifiP2pService expire 16 lines
05-12 06:13:53.546   788   788 W wificond: wifi_start_supplicant try to wait start
05-12 06:28:54.514   614   743 W SocketListener: sending broadcast to Pid = 1294, Uid = 1000 
05-12 06:28:54.517   659   659 I vendor.huawei.hardware.wifi@1.1-service: Adding interface handle for wlan0
05-12 06:28:54.517   659   659 I vendor.huawei.hardware.wifi@1.1-service: Adding interface handle for p2p0
05-12 06:28:54.517   659   659 E vendor.huawei.hardware.wifi@1.1-service: Failed to register radio mode change callback
05-12 06:28:54.517   659   659 I vendor.huawei.hardware.wifi@1.1-service: Configured chip in mode 0
05-12 06:28:54.520   659   659 E vendor.huawei.hardware.wifi@1.1-service: Failed to set DFS flag; DFS channels may be unavailable.
05-12 06:28:54.533   788   788 I wificond: create scanner for interface with index: 33
05-12 06:28:54.533   788   788 I wificond: subscribe scan result for interface with index: 33
05-12 06:28:54.534   788   788 E wificond: No Offload Service available
05-12 06:28:54.534   788   788 I wificond: Offload HAL not supported 
05-12 06:28:54.542   614   743 W SocketListener: sending broadcast to Pid = 1294, Uid = 1000 
05-12 06:28:54.543  1294  1767 I chatty  : uid=1000(system) NetdConnector expire 104 lines
05-12 06:28:54.543   614   743 W SocketListener: sending broadcast to Pid = 1294, Uid = 1000 
05-12 06:28:54.607   788   788 W wificond: No pno scan started
05-12 06:28:54.607   788   788 W wificond: Scheduled scan is not running!
05-12 06:28:54.628  1294  2621 I chatty  : uid=1000(system) Binder:1294_B expire 18 lines
05-12 06:28:54.629  1294 16992 I chatty  : uid=1000(system) IpClient.wlan0 expire 15 lines
05-12 06:28:54.632   614   743 W SocketListener: sending broadcast to Pid = 1294, Uid = 1000 
05-12 06:28:54.648  1294  1785 I chatty  : uid=1000(system) WifiStateMachin expire 8 lines
05-12 06:28:54.656   788   788 I wificond: Pno scan started
05-12 06:28:54.657  1294  1820 I chatty  : uid=1000(system) WifiP2pService expire 27 lines
05-12 06:28:55.556  2073  2073 I chatty  : uid=1000(system) com.huawei.systemserver expire 14 lines
05-12 06:28:55.810   788   788 I wificond: Pno scan result ready event
05-12 06:28:55.835   788   788 W wificond: Scan is not started. Ignore abort request
05-12 06:28:55.837  1294  1777 I chatty  : uid=1000(system) NetworkStats expire 26 lines
05-12 06:28:55.987   614   743 W SocketListener: sending broadcast to Pid = 1294, Uid = 1000 
05-12 06:28:55.987   614   743 W SocketListener: sending broadcast to Pid = 1294, Uid = 1000 
05-12 06:28:56.006  1294  7049 I chatty  : uid=1000(system) Binder:1294_13 expire 40 lines
05-12 06:28:56.010  1294  1532 I chatty  : uid=1000(system) android.fg expire 18 lines
05-12 06:28:56.122   614   743 W SocketListener: sending broadcast to Pid = 1294, Uid = 1000 
05-12 06:28:56.130   788   788 I wificond: Pno scan stopped
05-12 06:28:56.134  1294  1509 I chatty  : uid=1000(system) ActivityManager expire 12 lines
05-12 06:28:56.135  1294  1824 I chatty  : uid=1000(system) ConnectivitySer expire 129 lines
05-12 06:28:56.140  1294  1294 I chatty  : uid=1000 system_server expire 34 lines
05-12 06:28:56.201   614   743 W SocketListener: sending broadcast to Pid = 1294, Uid = 1000 
05-12 06:28:56.205   614   743 W SocketListener: sending broadcast to Pid = 1294, Uid = 1000 
05-12 06:28:56.412   614   743 W SocketListener: sending broadcast to Pid = 1294, Uid = 1000 
05-12 06:28:56.468 13805 13932 W ContextImpl: Calling a method in the system process without a qualified user: android.app.ContextImpl.startService:1771 android.content.ContextWrapper.startService:664 com.huawei.netassistant.wifisecure.HsmWifiDetectManager.handleWifiStateChangeEvent:147 com.huawei.netassistant.wifisecure.WifiStateReceiver.doInBackground:26 java.lang.reflect.Method.invoke:-2 
05-12 06:28:56.475  1294 12308 I chatty  : uid=1000(system) Binder:1294_19 expire 22 lines
05-12 06:28:56.519 17000 17000 D ActivityThread: Attach thread to application
05-12 06:28:56.600  1294 11436 I chatty  : uid=1000(system) Binder:1294_17 expire 40 lines
05-12 06:28:56.602  1294  1778 I chatty  : uid=1000(system) NetworkPolicy expire 5 lines
05-12 06:28:56.606 13805 13805 W ContextImpl: Calling a method in the system process without a qualified user: android.app.ContextImpl.startService:1771 android.content.ContextWrapper.startService:664 com.huawei.systemmanager.rainbow.client.background.service.CloudBroadcastHandlerService.startRainbowCommonService:121 com.huawei.systemmanager.rainbow.client.background.service.CloudBroadcastHandlerService.access$000:23 com.huawei.systemmanager.rainbow.client.background.service.CloudBroadcastHandlerService$1.onReceive:90 
05-12 06:28:56.607  1294  2618 I chatty  : uid=1000(system) Binder:1294_A expire 37 lines
05-12 06:28:56.609 17000 17000 W ContextImpl: Calling a method in the system process without a qualified user: android.app.ContextImpl.bindService:1851 android.content.ContextWrapper.bindService:698 com.huawei.library.stat.client.HsmStatProxy.bindService:276 com.huawei.library.stat.client.HsmStatProxy.access$000:34 com.huawei.library.stat.client.HsmStatProxy$1.handleMessage:67 
05-12 06:28:56.659  1294 16993 I chatty  : uid=1000(system) NetworkMonitorN expire 2 lines
05-12 06:28:56.678  1294  2040 I chatty  : uid=1000(system) LocationThread expire 7 lines
05-12 06:28:56.898  9614  9704 W ContextImpl: Calling a method in the system process without a qualified user: android.app.ContextImpl.sendBroadcast:1162 android.content.ContextWrapper.sendBroadcast:444 ey.a:73 ey.i:73 es.l:6 
05-12 06:28:57.207   614   743 W SocketListener: sending broadcast to Pid = 1294, Uid = 1000 
05-12 06:28:57.408  4207 17075 E ActivityThread: Failed to find provider info for service_oversea_rom
05-12 06:28:57.450 17076 17076 D ActivityThread: Attach thread to application
05-12 06:28:57.594  1294  3246 I chatty  : uid=1000(system) ActivationMonit expire 12 lines
05-12 06:28:59.654 17000 17000 W ContextImpl: Calling a method in the system process without a qualified user: android.app.ContextImpl.bindService:1851 android.content.ContextWrapper.bindService:698 tmsdkobf.hj.bn:41 tmsdk.common.TMSDKContext.init:63 com.huawei.library.sdk.tmsdk.TMSdkEngine.init:55 
05-12 06:28:59.670 17000 17000 W ContextImpl: Calling a method in the system process without a qualified user: android.app.ContextImpl.startService:1771 android.content.ContextWrapper.startService:664 tmsdk.common.TMSDKContext.init:214 com.huawei.library.sdk.tmsdk.TMSdkEngine.init:55 com.huawei.library.sdk.tmsdk.TMSdkEngine.initTMSDK:37 
05-12 06:29:00.044  2073  3899 I chatty  : uid=1000(system) Binder:2073_7 expire 10 lines
05-12 06:29:00.234  4207 17189 E ActivityThread: Failed to find provider info for service_oversea_rom
05-12 06:29:00.249   786   982 I storaged: storaged_t::event: storage_info refreshed.
05-12 06:29:01.045  4207 17216 E ActivityThread: Failed to find provider info for service_oversea_rom
05-12 06:29:02.854  1294  1505 I chatty  : uid=1000(system) android.bg expire 11 lines
05-12 06:29:03.150  1294 14879 I chatty  : uid=1000(system) Binder:1294_1D expire 13 lines
05-12 06:29:03.155  1294  1534 I chatty  : uid=1000(system) android.display expire 11 lines
05-12 06:33:51.653   614   742 W SocketListener: sending broadcast to Pid = 1294, Uid = 1000 
05-12 06:33:51.655  1294  1767 I chatty  : uid=1000(system) NetdConnector expire 18 lines
05-12 06:33:51.897   614   742 W SocketListener: sending broadcast to Pid = 1294, Uid = 1000 
05-12 06:33:51.978  1294  1824 I chatty  : uid=1000(system) ConnectivitySer expire 15 lines
05-12 06:33:57.417  2109  3361 W ContextImpl: Calling a method in the system process without a qualified user: android.app.ContextImpl.bindService:1851 android.content.ContextWrapper.bindService:698 com.huawei.hms.api.HuaweiApiClientImpl.f:558 com.huawei.hms.api.HuaweiApiClientImpl.connect:397 com.huawei.lcagent.service.process.push.PushTokenManager.connectPush:150 
05-12 06:38:52.660   614   742 W SocketListener: sending broadcast to Pid = 1294, Uid = 1000 
05-12 06:38:52.686  1294  1294 I chatty  : uid=1000 system_server expire 33 lines
05-12 06:38:52.691   614   742 W SocketListener: sending broadcast to Pid = 1294, Uid = 1000 
05-12 06:38:52.750  1294 14879 I chatty  : uid=1000(system) Binder:1294_1D expire 10 lines
05-12 06:38:52.753 17231 17231 D ActivityThread: Attach thread to application
05-12 06:38:53.087 17231 17231 D HwCustConnectivityManagerImpl: isBlockNetworkRequestByNonAis, INVALID_SUBSCRIPTION_ID
05-12 06:43:51.658   614   742 W SocketListener: sending broadcast to Pid = 1294, Uid = 1000 
05-12 06:43:51.692 17300 17300 D ActivityThread: Attach thread to application
05-12 06:43:51.889  1294  2702 I chatty  : uid=1000(system) Binder:1294_C expire 10 lines
05-12 06:43:51.904   614   742 W SocketListener: sending broadcast to Pid = 1294, Uid = 1000 
05-12 06:48:52.652  1294 16654 I chatty  : uid=1000(system) HwBinder:1294_5 expire 10 lines
05-12 06:48:52.659   614   742 W SocketListener: sending broadcast to Pid = 1294, Uid = 1000 
05-12 06:48:52.670  1294  1777 I chatty  : uid=1000(system) NetworkStats expire 32 lines
05-12 06:48:52.686   614   742 W SocketListener: sending broadcast to Pid = 1294, Uid = 1000 
05-12 06:48:52.704  1294 12308 I chatty  : uid=1000(system) Binder:1294_19 expire 15 lines
05-12 06:48:52.753 17323 17323 D ActivityThread: Attach thread to application
05-12 06:48:52.769  4672  4866 W ContextImpl: Calling a method in the system process without a qualified user: android.app.ContextImpl.bindService:1851 android.content.ContextWrapper.bindService:698 com.huawei.decision.integration.data.IntentServiceNotify.sendResponse:91 com.huawei.decision.integration.data.IntentServiceNotify.send:66 com.huawei.decision.integration.data.IntentNotify.execute:47 
05-12 06:48:52.800  1294  1779 I chatty  : uid=1000(system) tworkPolicy.uid expire 3 lines
05-12 06:48:52.801  1294  1767 I chatty  : uid=1000(system) NetdConnector expire 11 lines
05-12 06:48:52.842 17323 17323 W ContextImpl: Calling a method in the system process without a qualified user: android.app.ContextImpl.startService:1771 android.content.ContextWrapper.startService:664 android.content.ContextWrapper.startService:664 com.huawei.hiwibd.android.trigger.HiWiTrigger.startIntentHiWiService:187 com.huawei.hiwibd.android.trigger.HiWiTrigger.startHiWiService:142 
05-12 06:48:52.860  1294 16722 I chatty  : uid=1000(system) Binder:1294_20 expire 13 lines
05-12 06:48:56.600  2073  2073 I chatty  : uid=1000(system) com.huawei.systemserver expire 10 lines
05-12 06:53:52.655   614   742 W SocketListener: sending broadcast to Pid = 1294, Uid = 1000 
05-12 06:53:52.662  2109  3361 W ContextImpl: Calling a method in the system process without a qualified user: android.app.ContextImpl.bindService:1851 android.content.ContextWrapper.bindService:698 com.huawei.hms.api.HuaweiApiClientImpl.f:558 com.huawei.hms.api.HuaweiApiClientImpl.connect:397 com.huawei.lcagent.service.process.push.PushTokenManager.connectPush:150 
05-12 06:53:52.662   614   742 W SocketListener: sending broadcast to Pid = 1294, Uid = 1000 
05-12 06:53:52.728  1294  2621 I chatty  : uid=1000(system) Binder:1294_B expire 15 lines
05-12 06:54:32.660   614   742 W SocketListener: sending broadcast to Pid = 1294, Uid = 1000 
05-12 06:54:32.662  1294  1532 I chatty  : uid=1000(system) android.fg expire 10 lines
05-12 06:54:32.686   614   742 W SocketListener: sending broadcast to Pid = 1294, Uid = 1000 
05-12 06:54:32.688  1294  1767 I chatty  : uid=1000(system) NetdConnector expire 11 lines
05-12 06:58:51.657   614   742 W SocketListener: sending broadcast to Pid = 1294, Uid = 1000 
05-12 06:58:51.846   614   742 W SocketListener: sending broadcast to Pid = 1294, Uid = 1000 
05-12 06:58:52.298  1294  1824 I chatty  : uid=1000(system) ConnectivitySer expire 11 lines
05-12 06:58:52.300  1294  1850 I chatty  : uid=1000(system) ConnectivityThr expire 10 lines
05-12 06:59:59.656   614   742 W SocketListener: sending broadcast to Pid = 1294, Uid = 1000 
05-12 07:00:00.055   614   742 W SocketListener: sending broadcast to Pid = 1294, Uid = 1000 
05-12 07:03:51.657   614   742 W SocketListener: sending broadcast to Pid = 1294, Uid = 1000 
05-12 07:03:51.885  1294  1975 I chatty  : uid=1000(system) Binder:1294_5 expire 10 lines
05-12 07:03:51.924   614   742 W SocketListener: sending broadcast to Pid = 1294, Uid = 1000 
05-12 07:03:51.926  1294  1767 I chatty  : uid=1000(system) NetdConnector expire 10 lines
05-12 07:08:51.662   614   742 W SocketListener: sending broadcast to Pid = 1294, Uid = 1000 
05-12 07:08:51.897   614   742 W SocketListener: sending broadcast to Pid = 1294, Uid = 1000 
05-12 07:11:32.658   614   742 W SocketListener: sending broadcast to Pid = 1294, Uid = 1000 
05-12 07:11:32.660  1294  1532 I chatty  : uid=1000(system) android.fg expire 10 lines
05-12 07:11:32.847   614   742 W SocketListener: sending broadcast to Pid = 1294, Uid = 1000 
05-12 07:11:32.848  1294  1767 I chatty  : uid=1000(system) NetdConnector expire 10 lines
05-12 07:11:33.772   614   743 W SocketListener: sending broadcast to Pid = 1294, Uid = 1000 
05-12 07:11:35.734  1294  1294 I chatty  : uid=1000 system_server expire 10 lines
05-12 07:11:41.167  2073  2073 I chatty  : uid=1000(system) com.huawei.systemserver expire 16 lines
05-12 07:13:52.656   614   742 W SocketListener: sending broadcast to Pid = 1294, Uid = 1000 
05-12 07:13:52.680  1294 12308 I chatty  : uid=1000(system) Binder:1294_19 expire 14 lines
05-12 07:13:52.681   614   742 W SocketListener: sending broadcast to Pid = 1294, Uid = 1000 
05-12 07:13:52.683  1294  1767 I chatty  : uid=1000(system) NetdConnector expire 10 lines
05-12 07:18:52.659   614   742 W SocketListener: sending broadcast to Pid = 1294, Uid = 1000 
05-12 07:18:52.721   614   742 W SocketListener: sending broadcast to Pid = 1294, Uid = 1000 
05-12 07:18:53.090   786   982 I storaged: storaged_t::event: storage_info refreshed.
05-12 07:23:51.658   614   742 W SocketListener: sending broadcast to Pid = 1294, Uid = 1000 
05-12 07:23:51.885  1294  1294 I chatty  : uid=1000 system_server expire 20 lines
05-12 07:23:51.899   614   742 W SocketListener: sending broadcast to Pid = 1294, Uid = 1000 
05-12 07:23:51.901  1294  1767 I chatty  : uid=1000(system) NetdConnector expire 18 lines
05-12 07:28:52.662   614   742 W SocketListener: sending broadcast to Pid = 1294, Uid = 1000 
05-12 07:28:52.665  1294  1532 I chatty  : uid=1000(system) android.fg expire 13 lines
05-12 07:28:52.701   614   742 W SocketListener: sending broadcast to Pid = 1294, Uid = 1000 
05-12 07:28:52.769  1294  4388 I chatty  : uid=1000(system) Binder:1294_F expire 10 lines
05-12 07:33:51.656   614   742 W SocketListener: sending broadcast to Pid = 1294, Uid = 1000 
05-12 07:33:51.898   614   742 W SocketListener: sending broadcast to Pid = 1294, Uid = 1000 
05-12 07:33:51.912  1294 14879 I chatty  : uid=1000(system) Binder:1294_1D expire 13 lines
05-12 07:38:52.666   614   742 W SocketListener: sending broadcast to Pid = 1294, Uid = 1000 
05-12 07:38:52.671  1294 14889 I chatty  : uid=1000(system) Binder:1294_1E expire 13 lines
05-12 07:38:52.680   614   742 W SocketListener: sending broadcast to Pid = 1294, Uid = 1000 
05-12 07:38:52.744  1294 16722 I chatty  : uid=1000(system) Binder:1294_20 expire 10 lines
05-12 07:43:52.658   614   742 W SocketListener: sending broadcast to Pid = 1294, Uid = 1000 
05-12 07:43:52.673   614   742 W SocketListener: sending broadcast to Pid = 1294, Uid = 1000 
05-12 07:48:52.658   614   742 W SocketListener: sending broadcast to Pid = 1294, Uid = 1000 
05-12 07:48:52.659  1294  1767 I chatty  : uid=1000(system) NetdConnector expire 10 lines
05-12 07:48:52.690   614   742 W SocketListener: sending broadcast to Pid = 1294, Uid = 1000 
05-12 07:53:52.661   614   742 W SocketListener: sending broadcast to Pid = 1294, Uid = 1000 
05-12 07:53:52.694   614   742 W SocketListener: sending broadcast to Pid = 1294, Uid = 1000 
05-12 07:53:52.755  1294  2702 I chatty  : uid=1000(system) Binder:1294_C expire 11 lines
05-12 07:58:52.660   614   742 W SocketListener: sending broadcast to Pid = 1294, Uid = 1000 
05-12 07:58:52.661  1294  1767 I chatty  : uid=1000(system) NetdConnector expire 10 lines
05-12 07:58:52.679   614   742 W SocketListener: sending broadcast to Pid = 1294, Uid = 1000 
05-12 07:58:52.682  1294  1532 I chatty  : uid=1000(system) android.fg expire 10 lines
05-12 08:00:35.664   614   742 W SocketListener: sending broadcast to Pid = 1294, Uid = 1000 
05-12 08:03:52.673  1294  1863 I chatty  : uid=1000(system) GraphicsStats-d expire 1 line
05-12 08:03:52.698   614   742 W SocketListener: sending broadcast to Pid = 1294, Uid = 1000 
05-12 08:03:52.760  1294 14889 I chatty  : uid=1000(system) Binder:1294_1E expire 18 lines
05-12 08:08:52.658   614   742 W SocketListener: sending broadcast to Pid = 1294, Uid = 1000 
05-12 08:08:52.667   614   742 W SocketListener: sending broadcast to Pid = 1294, Uid = 1000 
05-12 08:08:52.668  1294  1767 I chatty  : uid=1000(system) NetdConnector expire 10 lines
05-12 08:13:51.659   614   742 W SocketListener: sending broadcast to Pid = 1294, Uid = 1000 
05-12 08:13:51.894   614   742 W SocketListener: sending broadcast to Pid = 1294, Uid = 1000 
05-12 08:18:51.660   614   742 W SocketListener: sending broadcast to Pid = 1294, Uid = 1000 
05-12 08:18:51.950   614   742 W SocketListener: sending broadcast to Pid = 1294, Uid = 1000 
05-12 08:18:51.952  1294  1767 I chatty  : uid=1000(system) NetdConnector expire 14 lines
05-12 08:18:52.087  1294  2702 I chatty  : uid=1000(system) Binder:1294_C expire 11 lines
05-12 08:23:51.647  1294  1624 I chatty  : uid=1000(system) UEventObserver expire 12 lines
05-12 08:23:51.657   614   742 W SocketListener: sending broadcast to Pid = 1294, Uid = 1000 
05-12 08:23:51.892  1294 16722 I chatty  : uid=1000(system) Binder:1294_20 expire 10 lines
05-12 08:23:51.897   614   742 W SocketListener: sending broadcast to Pid = 1294, Uid = 1000 
05-12 08:23:51.899  1294  1532 I chatty  : uid=1000(system) android.fg expire 10 lines
05-12 08:23:51.966  1294  4388 I chatty  : uid=1000(system) Binder:1294_F expire 17 lines
05-12 08:28:52.656   614   742 W SocketListener: sending broadcast to Pid = 1294, Uid = 1000 
05-12 08:28:52.665   614   742 W SocketListener: sending broadcast to Pid = 1294, Uid = 1000 
05-12 08:33:52.656   614   742 W SocketListener: sending broadcast to Pid = 1294, Uid = 1000 
05-12 08:33:52.684   614   742 W SocketListener: sending broadcast to Pid = 1294, Uid = 1000 
05-12 08:38:52.670   614   742 W SocketListener: sending broadcast to Pid = 1294, Uid = 1000 
05-12 08:38:52.671  1294  1767 I chatty  : uid=1000(system) NetdConnector expire 12 lines
05-12 08:38:52.674   614   742 W SocketListener: sending broadcast to Pid = 1294, Uid = 1000 
05-12 08:43:51.655   614   742 W SocketListener: sending broadcast to Pid = 1294, Uid = 1000 
05-12 08:43:51.922   614   742 W SocketListener: sending broadcast to Pid = 1294, Uid = 1000 
05-12 08:48:52.655  1294  1777 I chatty  : uid=1000(system) NetworkStats expire 13 lines
05-12 08:48:52.658   614   742 W SocketListener: sending broadcast to Pid = 1294, Uid = 1000 
05-12 08:48:52.700   614   742 W SocketListener: sending broadcast to Pid = 1294, Uid = 1000 
05-12 08:48:52.703  1294  1767 I chatty  : uid=1000(system) NetdConnector expire 10 lines
05-12 08:48:52.705  1294  1532 I chatty  : uid=1000(system) android.fg expire 10 lines
05-12 08:48:52.713 17323 17323 W ContextImpl: Calling a method in the system process without a qualified user: android.app.ContextImpl.startService:1771 android.content.ContextWrapper.startService:664 android.content.ContextWrapper.startService:664 com.huawei.hiwibd.android.trigger.HiWiTrigger.startIntentHiWiService:187 com.huawei.hiwibd.android.trigger.HiWiTrigger.startHiWiService:142 
05-12 08:48:52.755  1294 16722 I chatty  : uid=1000(system) Binder:1294_20 expire 18 lines
05-12 08:48:53.222  2109  3664 W ContextImpl: Calling a method in the system process without a qualified user: android.app.ContextImpl.sendBroadcast:1183 com.huawei.android.chr.statistics.TelStatusService.updateStatisticDB:772 com.huawei.android.chr.statistics.TelStatusService.triggerStatsReport:649 com.huawei.android.chr.statistics.TelStatusService.triggerAllStatsReport:666 com.huawei.android.chr.statistics.TelStatusManager.triggerAllStatsReport:447 
05-12 08:48:53.333  2109  3664 W ContextImpl: Calling a method in the system process without a qualified user: android.app.ContextImpl.sendBroadcast:1183 com.huawei.android.chr.statistics.TelStatusService.updateStatisticDB:772 com.huawei.android.chr.statistics.TelStatusService.triggerStatsReport:649 com.huawei.android.chr.statistics.TelStatusService.triggerAllStatsReport:666 com.huawei.android.chr.statistics.TelStatusManager.triggerAllStatsReport:447 
05-12 08:48:53.383  2109  3664 W ContextImpl: Calling a method in the system process without a qualified user: android.app.ContextImpl.sendBroadcast:1183 com.huawei.android.chr.statistics.TelStatusService.updateStatisticDB:772 com.huawei.android.chr.statistics.TelStatusService.triggerStatsReport:649 com.huawei.android.chr.statistics.TelStatusService.triggerAllStatsReport:666 com.huawei.android.chr.statistics.TelStatusManager.triggerAllStatsReport:447 
05-12 08:53:52.659   614   742 W SocketListener: sending broadcast to Pid = 1294, Uid = 1000 
05-12 08:53:52.665  1294 12308 I chatty  : uid=1000(system) Binder:1294_19 expire 20 lines
05-12 08:53:52.670   614   742 W SocketListener: sending broadcast to Pid = 1294, Uid = 1000 
05-12 08:53:52.730  1294 14879 I chatty  : uid=1000(system) Binder:1294_1D expire 10 lines
05-12 08:58:52.666   614   742 W SocketListener: sending broadcast to Pid = 1294, Uid = 1000 
05-12 08:58:52.678   614   742 W SocketListener: sending broadcast to Pid = 1294, Uid = 1000 
05-12 09:03:51.660   614   742 W SocketListener: sending broadcast to Pid = 1294, Uid = 1000 
05-12 09:03:51.661  1294  1767 I chatty  : uid=1000(system) NetdConnector expire 10 lines
05-12 09:03:51.912   614   742 W SocketListener: sending broadcast to Pid = 1294, Uid = 1000 
05-12 09:03:51.915  1294 14889 I chatty  : uid=1000(system) Binder:1294_1E expire 17 lines
05-12 09:08:51.658   614   742 W SocketListener: sending broadcast to Pid = 1294, Uid = 1000 
05-12 09:08:51.926   614   742 W SocketListener: sending broadcast to Pid = 1294, Uid = 1000 
05-12 09:13:51.656   614   742 W SocketListener: sending broadcast to Pid = 1294, Uid = 1000 
05-12 09:13:51.821   614   742 W SocketListener: sending broadcast to Pid = 1294, Uid = 1000 
05-12 09:13:51.822  1294  1767 I chatty  : uid=1000(system) NetdConnector expire 16 lines
05-12 09:13:51.823  1294  1532 I chatty  : uid=1000(system) android.fg expire 12 lines
05-12 09:13:51.893  1294  2702 I chatty  : uid=1000(system) Binder:1294_C expire 12 lines
05-12 09:18:51.663   614   742 W SocketListener: sending broadcast to Pid = 1294, Uid = 1000 
05-12 09:18:51.905  1294  1777 I chatty  : uid=1000(system) NetworkStats expire 11 lines
05-12 09:18:51.928  1294 14879 I chatty  : uid=1000(system) Binder:1294_1D expire 10 lines
05-12 09:18:51.929   614   742 W SocketListener: sending broadcast to Pid = 1294, Uid = 1000 
05-12 09:23:51.657   614   742 W SocketListener: sending broadcast to Pid = 1294, Uid = 1000 
05-12 09:23:51.898   614   742 W SocketListener: sending broadcast to Pid = 1294, Uid = 1000 
05-12 09:28:51.667   614   742 W SocketListener: sending broadcast to Pid = 1294, Uid = 1000 
05-12 09:28:51.668  1294  1767 I chatty  : uid=1000(system) NetdConnector expire 12 lines
05-12 09:28:51.902   614   742 W SocketListener: sending broadcast to Pid = 1294, Uid = 1000 
05-12 09:33:51.657   614   742 W SocketListener: sending broadcast to Pid = 1294, Uid = 1000 
05-12 09:33:51.767   614   742 W SocketListener: sending broadcast to Pid = 1294, Uid = 1000 
05-12 09:38:51.662   614   742 W SocketListener: sending broadcast to Pid = 1294, Uid = 1000 
05-12 09:38:51.899   614   742 W SocketListener: sending broadcast to Pid = 1294, Uid = 1000 
05-12 09:38:51.900  1294  1767 I chatty  : uid=1000(system) NetdConnector expire 10 lines
05-12 09:38:52.226  2073  2073 I chatty  : uid=1000(system) com.huawei.systemserver expire 21 lines
05-12 09:43:52.662   614   742 W SocketListener: sending broadcast to Pid = 1294, Uid = 1000 
05-12 09:43:52.674   614   742 W SocketListener: sending broadcast to Pid = 1294, Uid = 1000 
05-12 09:43:52.678  1294  1532 I chatty  : uid=1000(system) android.fg expire 10 lines
05-12 09:43:52.702  2109  3361 W ContextImpl: Calling a method in the system process without a qualified user: android.app.ContextImpl.bindService:1851 android.content.ContextWrapper.bindService:698 com.huawei.hms.api.HuaweiApiClientImpl.f:558 com.huawei.hms.api.HuaweiApiClientImpl.connect:397 com.huawei.lcagent.service.process.push.PushTokenManager.connectPush:150 
05-12 09:43:52.703  1294 14889 I chatty  : uid=1000(system) Binder:1294_1E expire 20 lines
05-12 09:48:52.663   614   742 W SocketListener: sending broadcast to Pid = 1294, Uid = 1000 
05-12 09:48:52.665  1294  1767 I chatty  : uid=1000(system) NetdConnector expire 10 lines
05-12 09:48:52.697   614   742 W SocketListener: sending broadcast to Pid = 1294, Uid = 1000 
05-12 09:53:52.646   786   982 I storaged: storaged_t::event: storage_info refreshed.
05-12 09:53:52.660   614   742 W SocketListener: sending broadcast to Pid = 1294, Uid = 1000 
05-12 09:53:52.668   614   742 W SocketListener: sending broadcast to Pid = 1294, Uid = 1000 
05-12 09:58:52.658   614   742 W SocketListener: sending broadcast to Pid = 1294, Uid = 1000 
05-12 09:58:52.659  1294  1767 I chatty  : uid=1000(system) NetdConnector expire 10 lines
05-12 09:58:52.692   614   742 W SocketListener: sending broadcast to Pid = 1294, Uid = 1000 
05-12 09:59:34.656   614   742 W SocketListener: sending broadcast to Pid = 1294, Uid = 1000 
05-12 09:59:35.237   614   742 W SocketListener: sending broadcast to Pid = 1294, Uid = 1000 
05-12 10:03:51.657   614   742 W SocketListener: sending broadcast to Pid = 1294, Uid = 1000 
05-12 10:03:51.900  1294  4388 I chatty  : uid=1000(system) Binder:1294_F expire 14 lines
05-12 10:03:51.905   614   742 W SocketListener: sending broadcast to Pid = 1294, Uid = 1000 
05-12 10:03:51.908  1294  1767 I chatty  : uid=1000(system) NetdConnector expire 12 lines
05-12 10:03:51.909  1294  1532 I chatty  : uid=1000(system) android.fg expire 11 lines
05-12 10:03:51.909  1294 16722 I chatty  : uid=1000(system) Binder:1294_20 expire 13 lines
05-12 10:08:51.663   614   742 W SocketListener: sending broadcast to Pid = 1294, Uid = 1000 
05-12 10:08:51.847   614   742 W SocketListener: sending broadcast to Pid = 1294, Uid = 1000 
05-12 10:08:51.890  1294  1294 I chatty  : uid=1000 system_server expire 13 lines
05-12 10:13:51.660   614   742 W SocketListener: sending broadcast to Pid = 1294, Uid = 1000 
05-12 10:13:51.896   614   742 W SocketListener: sending broadcast to Pid = 1294, Uid = 1000 
05-12 10:18:51.655   614   742 W SocketListener: sending broadcast to Pid = 1294, Uid = 1000 
05-12 10:18:51.900   614   742 W SocketListener: sending broadcast to Pid = 1294, Uid = 1000 
05-12 10:18:51.903  1294  1767 I chatty  : uid=1000(system) NetdConnector expire 10 lines
05-12 10:18:51.925  1294  2049 I chatty  : uid=1000(system) MultiTaskManage expire 10 lines
05-12 10:18:51.944 17434 17434 D ActivityThread: Attach thread to application
05-12 10:23:52.652  1294  1777 I chatty  : uid=1000(system) NetworkStats expire 18 lines
05-12 10:23:52.657   614   742 W SocketListener: sending broadcast to Pid = 1294, Uid = 1000 
05-12 10:23:52.687   614   742 W SocketListener: sending broadcast to Pid = 1294, Uid = 1000 
05-12 10:23:52.692  1294  4388 I chatty  : uid=1000(system) Binder:1294_F expire 11 lines
05-12 10:23:52.707  1294 14879 I chatty  : uid=1000(system) Binder:1294_1D expire 11 lines
05-12 10:28:52.660   614   742 W SocketListener: sending broadcast to Pid = 1294, Uid = 1000 
