05-12 10:28:52.681   614   742 W SocketListener: sending broadcast to Pid = 1294, Uid = 1000 
05-12 10:28:52.682  1294  1767 I chatty  : uid=1000(system) NetdConnector expire 10 lines
05-12 10:28:52.735  1294 16722 I chatty  : uid=1000(system) Binder:1294_20 expire 16 lines
05-12 10:28:52.745  1294 14889 I chatty  : uid=1000(system) Binder:1294_1E expire 19 lines
05-12 10:33:51.663   614   742 W SocketListener: sending broadcast to Pid = 1294, Uid = 1000 
05-12 10:33:51.667  1294  1532 I chatty  : uid=1000(system) android.fg expire 10 lines
05-12 10:33:51.846   614   742 W SocketListener: sending broadcast to Pid = 1294, Uid = 1000 
05-12 10:34:13.654   614   742 W SocketListener: sending broadcast to Pid = 1294, Uid = 1000 
05-12 10:34:14.007   614   742 W SocketListener: sending broadcast to Pid = 1294, Uid = 1000 
05-12 10:38:52.658   614   742 W SocketListener: sending broadcast to Pid = 1294, Uid = 1000 
05-12 10:38:52.659  1294  1767 I chatty  : uid=1000(system) NetdConnector expire 11 lines
05-12 10:38:52.689   614   742 W SocketListener: sending broadcast to Pid = 1294, Uid = 1000 
05-12 10:43:52.657   614   742 W SocketListener: sending broadcast to Pid = 1294, Uid = 1000 
05-12 10:43:52.666   614   742 W SocketListener: sending broadcast to Pid = 1294, Uid = 1000 
05-12 10:44:07.655   614   742 W SocketListener: sending broadcast to Pid = 1294, Uid = 1000 
05-12 10:48:51.863   614   742 W SocketListener: sending broadcast to Pid = 1294, Uid = 1000 
05-12 10:48:51.865  1294  1767 I chatty  : uid=1000(system) NetdConnector expire 11 lines
05-12 10:48:51.910  1294  2702 I chatty  : uid=1000(system) Binder:1294_C expire 19 lines
05-12 10:48:51.924 17323 17323 W ContextImpl: Calling a method in the system process without a qualified user: android.app.ContextImpl.startService:1771 android.content.ContextWrapper.startService:664 android.content.ContextWrapper.startService:664 com.huawei.hiwibd.android.trigger.HiWiTrigger.startIntentHiWiService:187 com.huawei.hiwibd.android.trigger.HiWiTrigger.startHiWiService:142 
05-12 10:48:52.002  1294 14879 I chatty  : uid=1000(system) Binder:1294_1D expire 15 lines
05-12 10:53:51.664   614   742 W SocketListener: sending broadcast to Pid = 1294, Uid = 1000 
05-12 10:53:51.667  1294  1532 I chatty  : uid=1000(system) android.fg expire 10 lines
05-12 10:53:51.897   614   742 W SocketListener: sending broadcast to Pid = 1294, Uid = 1000 
05-12 10:58:52.662   614   742 W SocketListener: sending broadcast to Pid = 1294, Uid = 1000 
05-12 10:58:52.682   614   742 W SocketListener: sending broadcast to Pid = 1294, Uid = 1000 
05-12 11:03:52.659   614   742 W SocketListener: sending broadcast to Pid = 1294, Uid = 1000 
05-12 11:03:52.660  1294  1767 I chatty  : uid=1000(system) NetdConnector expire 10 lines
05-12 11:03:52.690   614   742 W SocketListener: sending broadcast to Pid = 1294, Uid = 1000 
05-12 11:08:51.662   614   742 W SocketListener: sending broadcast to Pid = 1294, Uid = 1000 
05-12 11:08:51.895   614   742 W SocketListener: sending broadcast to Pid = 1294, Uid = 1000 
05-12 11:13:52.665   614   742 W SocketListener: sending broadcast to Pid = 1294, Uid = 1000 
05-12 11:13:52.703   614   742 W SocketListener: sending broadcast to Pid = 1294, Uid = 1000 
05-12 11:13:52.704  1294  1767 I chatty  : uid=1000(system) NetdConnector expire 10 lines
05-12 11:18:52.658   614   742 W SocketListener: sending broadcast to Pid = 1294, Uid = 1000 
05-12 11:18:52.660  1294  1532 I chatty  : uid=1000(system) android.fg expire 10 lines
05-12 11:18:52.673  1294  1777 I chatty  : uid=1000(system) NetworkStats expire 10 lines
05-12 11:18:52.695   614   742 W SocketListener: sending broadcast to Pid = 1294, Uid = 1000 
05-12 11:18:52.699  1294 14889 I chatty  : uid=1000(system) Binder:1294_1E expire 16 lines
05-12 11:23:51.657   614   742 W SocketListener: sending broadcast to Pid = 1294, Uid = 1000 
05-12 11:23:51.900   614   742 W SocketListener: sending broadcast to Pid = 1294, Uid = 1000 
05-12 11:23:51.901  1294  1767 I chatty  : uid=1000(system) NetdConnector expire 10 lines
05-12 11:24:28.656   614   742 W SocketListener: sending broadcast to Pid = 1294, Uid = 1000 
05-12 11:24:29.897  1294  1509 I chatty  : uid=1000(system) ActivityManager expire 13 lines
05-12 11:24:40.430  1294  1850 I chatty  : uid=1000(system) ConnectivityThr expire 6 lines
05-12 11:28:52.648  1294  1624 I chatty  : uid=1000(system) UEventObserver expire 12 lines
05-12 11:28:52.684  1294 12308 I chatty  : uid=1000(system) Binder:1294_19 expire 10 lines
05-12 11:28:52.694   614   742 W SocketListener: sending broadcast to Pid = 1294, Uid = 1000 
05-12 11:31:48.662   614   742 W SocketListener: sending broadcast to Pid = 1294, Uid = 1000 
05-12 11:33:51.915   614   742 W SocketListener: sending broadcast to Pid = 1294, Uid = 1000 
05-12 11:33:51.969  1294 16722 I chatty  : uid=1000(system) Binder:1294_20 expire 22 lines
05-12 11:38:52.661   614   742 W SocketListener: sending broadcast to Pid = 1294, Uid = 1000 
05-12 11:38:52.662  1294  1767 I chatty  : uid=1000(system) NetdConnector expire 10 lines
05-12 11:38:52.709   614   742 W SocketListener: sending broadcast to Pid = 1294, Uid = 1000 
05-12 11:43:51.658   614   742 W SocketListener: sending broadcast to Pid = 1294, Uid = 1000 
05-12 11:43:51.660  1294  1532 I chatty  : uid=1000(system) android.fg expire 13 lines
05-12 11:43:51.897   614   742 W SocketListener: sending broadcast to Pid = 1294, Uid = 1000 
05-12 11:43:51.969  1294 12308 I chatty  : uid=1000(system) Binder:1294_19 expire 32 lines
05-12 11:43:52.998  2073  2073 I chatty  : uid=1000(system) com.huawei.systemserver expire 11 lines
05-12 11:44:08.658   614   742 W SocketListener: sending broadcast to Pid = 1294, Uid = 1000 
05-12 11:48:52.677  1294  1777 I chatty  : uid=1000(system) NetworkStats expire 12 lines
05-12 11:48:52.680  1294  1294 I chatty  : uid=1000 system_server expire 51 lines
05-12 11:48:52.687  1294  1767 I chatty  : uid=1000(system) NetdConnector expire 10 lines
05-12 11:48:52.697   614   742 W SocketListener: sending broadcast to Pid = 1294, Uid = 1000 
05-12 11:53:52.660   614   742 W SocketListener: sending broadcast to Pid = 1294, Uid = 1000 
05-12 11:53:52.671   614   742 W SocketListener: sending broadcast to Pid = 1294, Uid = 1000 
05-12 11:58:33.646   786   982 I storaged: storaged_t::event: storage_info refreshed.
05-12 11:58:33.659   614   742 W SocketListener: sending broadcast to Pid = 1294, Uid = 1000 
05-12 11:58:34.291  1294  1824 I chatty  : uid=1000(system) ConnectivitySer expire 17 lines
05-12 11:58:51.895   614   742 W SocketListener: sending broadcast to Pid = 1294, Uid = 1000 
05-12 11:58:51.896  1294  1767 I chatty  : uid=1000(system) NetdConnector expire 10 lines
05-12 12:03:51.657   614   742 W SocketListener: sending broadcast to Pid = 1294, Uid = 1000 
05-12 12:03:51.930   614   742 W SocketListener: sending broadcast to Pid = 1294, Uid = 1000 
05-12 12:08:52.662   614   742 W SocketListener: sending broadcast to Pid = 1294, Uid = 1000 
05-12 12:08:52.678   614   742 W SocketListener: sending broadcast to Pid = 1294, Uid = 1000 
05-12 12:13:51.656   614   742 W SocketListener: sending broadcast to Pid = 1294, Uid = 1000 
05-12 12:13:51.658  1294  1767 I chatty  : uid=1000(system) NetdConnector expire 12 lines
05-12 12:13:51.915   614   742 W SocketListener: sending broadcast to Pid = 1294, Uid = 1000 
05-12 12:13:51.919  1294  1532 I chatty  : uid=1000(system) android.fg expire 19 lines
05-12 12:18:51.659   614   742 W SocketListener: sending broadcast to Pid = 1294, Uid = 1000 
05-12 12:18:51.899   614   742 W SocketListener: sending broadcast to Pid = 1294, Uid = 1000 
05-12 12:23:51.658   614   742 W SocketListener: sending broadcast to Pid = 1294, Uid = 1000 
05-12 12:23:51.929   614   742 W SocketListener: sending broadcast to Pid = 1294, Uid = 1000 
05-12 12:23:51.932  1294  1767 I chatty  : uid=1000(system) NetdConnector expire 22 lines
05-12 12:23:51.987  1294 14889 I chatty  : uid=1000(system) Binder:1294_1E expire 10 lines
05-12 12:28:51.665   614   742 W SocketListener: sending broadcast to Pid = 1294, Uid = 1000 
05-12 12:28:51.927   614   742 W SocketListener: sending broadcast to Pid = 1294, Uid = 1000 
05-12 12:28:51.990  1294  2702 I chatty  : uid=1000(system) Binder:1294_C expire 11 lines
05-12 12:28:53.064  2073  2073 I chatty  : uid=1000(system) com.huawei.systemserver expire 13 lines
05-12 12:28:57.651  1294 16992 I chatty  : uid=1000(system) IpClient.wlan0 expire 5 lines
05-12 12:28:57.665  1294  1820 I chatty  : uid=1000(system) WifiP2pService expire 12 lines
05-12 12:28:57.781  2073  2231 I chatty  : uid=1000(system) HwCommBoosterTh expire 27 lines
05-12 12:28:57.784  1294  1777 I chatty  : uid=1000(system) NetworkStats expire 14 lines
05-12 12:33:52.662  1294  2621 I chatty  : uid=1000(system) Binder:1294_B expire 24 lines
05-12 12:33:52.662   614   742 W SocketListener: sending broadcast to Pid = 1294, Uid = 1000 
05-12 12:33:52.677   614   742 W SocketListener: sending broadcast to Pid = 1294, Uid = 1000 
05-12 12:33:52.729  1294 14879 I chatty  : uid=1000(system) Binder:1294_1D expire 11 lines
05-12 12:33:52.740  1294  1975 I chatty  : uid=1000(system) Binder:1294_5 expire 11 lines
05-12 12:38:52.662   614   742 W SocketListener: sending broadcast to Pid = 1294, Uid = 1000 
05-12 12:38:52.734   614   742 W SocketListener: sending broadcast to Pid = 1294, Uid = 1000 
05-12 12:43:51.659   614   742 W SocketListener: sending broadcast to Pid = 1294, Uid = 1000 
05-12 12:43:51.905   614   742 W SocketListener: sending broadcast to Pid = 1294, Uid = 1000 
05-12 12:44:08.662   614   742 W SocketListener: sending broadcast to Pid = 1294, Uid = 1000 
05-12 12:48:52.689   614   742 W SocketListener: sending broadcast to Pid = 1294, Uid = 1000 
05-12 12:48:52.690  1294  1767 I chatty  : uid=1000(system) NetdConnector expire 10 lines
05-12 12:48:52.696 17323 17323 W ContextImpl: Calling a method in the system process without a qualified user: android.app.ContextImpl.startService:1771 android.content.ContextWrapper.startService:664 android.content.ContextWrapper.startService:664 com.huawei.hiwibd.android.trigger.HiWiTrigger.startIntentHiWiService:187 com.huawei.hiwibd.android.trigger.HiWiTrigger.startHiWiService:142 
05-12 12:53:51.656   614   742 W SocketListener: sending broadcast to Pid = 1294, Uid = 1000 
05-12 12:53:51.930   614   742 W SocketListener: sending broadcast to Pid = 1294, Uid = 1000 
05-12 12:58:52.659   614   742 W SocketListener: sending broadcast to Pid = 1294, Uid = 1000 
05-12 12:58:52.676   614   742 W SocketListener: sending broadcast to Pid = 1294, Uid = 1000 
05-12 13:03:51.675   614   742 W SocketListener: sending broadcast to Pid = 1294, Uid = 1000 
05-12 13:03:51.676  1294  1767 I chatty  : uid=1000(system) NetdConnector expire 12 lines
05-12 13:03:51.678  1294  1532 I chatty  : uid=1000(system) android.fg expire 10 lines
05-12 13:03:51.910  1294  2702 I chatty  : uid=1000(system) Binder:1294_C expire 23 lines
05-12 13:03:51.928   614   742 W SocketListener: sending broadcast to Pid = 1294, Uid = 1000 
05-12 13:03:51.931  1294  1975 I chatty  : uid=1000(system) Binder:1294_5 expire 10 lines
05-12 13:03:51.941  1294  4388 I chatty  : uid=1000(system) Binder:1294_F expire 15 lines
05-12 13:06:12.658   614   742 W SocketListener: sending broadcast to Pid = 1294, Uid = 1000 
05-12 13:06:12.722  1294 14879 I chatty  : uid=1000(system) Binder:1294_1D expire 21 lines
05-12 13:06:13.784   614   743 W SocketListener: sending broadcast to Pid = 1294, Uid = 1000 
05-12 13:06:15.734  1294  1294 I chatty  : uid=1000 system_server expire 24 lines
05-12 13:06:24.209  1294  1767 I chatty  : uid=1000(system) NetdConnector expire 16 lines
05-12 13:06:41.862   786   982 I storaged: storaged_t::event: storage_info refreshed.
05-12 13:08:52.659  1294  2621 I chatty  : uid=1000(system) Binder:1294_B expire 27 lines
05-12 13:08:52.660   614   742 W SocketListener: sending broadcast to Pid = 1294, Uid = 1000 
05-12 13:08:53.159  1294  2000 I chatty  : uid=1000(system) watchdog expire 10 lines
05-12 13:09:15.644  1294  1511 I chatty  : uid=1000(system) android.ui expire 53 lines
05-12 13:09:15.651  1294  1537 I chatty  : uid=1000(system) PowerManagerSer expire 17 lines
05-12 13:09:15.656   614   742 W SocketListener: sending broadcast to Pid = 1294, Uid = 1000 
05-12 13:09:15.667  1933  2300 I PermissionManager: camera remind result:true
05-12 13:09:15.667  1933  2300 I BackgroundPermManager: pkgName: com.android.systemui,pid: 1933 ,uidOf3RdApk: 10032 ,permType: 0 ,permCfg: 1
05-12 13:09:15.673  1294  2365 I chatty  : uid=1000(system) android.fg expire 16 lines
05-12 13:09:15.722  1933  1933 W KeyguardViewMediator: notifyDrawn as: ScreenTurningOn 
05-12 13:09:15.765  2073  3572 I chatty  : uid=1000(system) facerecognize expire 27 lines
05-12 13:09:15.784  2073  2073 I chatty  : uid=1000(system) com.huawei.systemserver expire 23 lines
05-12 13:09:15.802   540 17559 D vold    : idle maintenance stopped
05-12 13:09:15.804  1294  1975 I chatty  : uid=1000(system) Binder:1294_5 expire 27 lines
05-12 13:09:15.814  1294  1505 I chatty  : uid=1000(system) android.bg expire 13 lines
05-12 13:09:15.840  2163  2163 I Telephony-PstnPhoneCapabilitiesNotifier: handleVideoCapabilitesChanged. Video capability - false
05-12 13:09:15.845  1294 14889 I chatty  : uid=1000(system) Binder:1294_1E expire 22 lines
05-12 13:09:15.845  1294  1294 I chatty  : uid=1000 system_server expire 30 lines
05-12 13:09:15.846  1294  1767 I chatty  : uid=1000(system) NetdConnector expire 42 lines
05-12 13:09:15.846  2073  2231 I chatty  : uid=1000(system) HwCommBoosterTh expire 11 lines
05-12 13:09:15.868  2163  2163 I Telephony-PstnPhoneCapabilitiesNotifier: handleVideoCapabilitesChanged. Video capability - false
05-12 13:09:15.923   614   742 W SocketListener: sending broadcast to Pid = 1294, Uid = 1000 
05-12 13:09:16.030  1294  2725 I chatty  : uid=1000(system) Binder:1294_E expire 1 line
05-12 13:09:16.119  1294  4388 I chatty  : uid=1000(system) Binder:1294_F expire 12 lines
05-12 13:09:16.413  2073  2569 I chatty  : uid=1000(system) Binder:2073_5 expire 10 lines
05-12 13:09:16.413   540   551 D vold    : begin lockScreenPrepare
05-12 13:09:16.413   540   551 D vold    : e4crypt_lock_screen_prepare flag is: 4 user_id:0
05-12 13:09:16.413   540   551 D vold    : begin unlockUserScreenIsec
05-12 13:09:16.413   540   551 D vold    : begin unlock_user_screen_isec auth_type: 4 uid: 0 token_present=0
05-12 13:09:16.413   540   551 D vold    : flag is 4begin to unlock from HCCM
05-12 13:09:16.413   540   551 D vold    : begin read_and_install_ece_sece_key0
05-12 13:09:16.413   540   551 D vold    : begin read_key_from_vold 0
05-12 13:09:16.413   540   551 D vold    : begin installKeyIsec
05-12 13:09:16.413   540   551 D vold    : Added key 50561185 (ext4:f57c1717590d52bc) to keyring 916511949 in process 540
05-12 13:09:16.413   540   551 D vold    : Added key 889113500 (f2fs:f57c1717590d52bc) to keyring 916511949 in process 540
05-12 13:09:16.413   540   551 D vold    : Added key 673458743 (fscrypt:f57c1717590d52bc) to keyring 916511949 in process 540
05-12 13:09:16.413   540   551 D vold    : begin installKeyIsec
05-12 13:09:16.413   540   551 D vold    : Added key 719087868 (ext4:bfb0518f8097a306) to keyring 916511949 in process 540
05-12 13:09:16.414   540   551 D vold    : Added key 560426124 (f2fs:bfb0518f8097a306) to keyring 916511949 in process 540
05-12 13:09:16.414   540   551 D vold    : Added key 135083580 (fscrypt:bfb0518f8097a306) to keyring 916511949 in process 540
05-12 13:09:16.414   540   551 D vold    : Created keys for user 0
05-12 13:09:16.414   540   551 D vold    : unlock user screen success,begin to reset flag
05-12 13:09:16.509  1933  2300 I BackgroundPermManager: pkgName: com.android.systemui,pid: 1933 ,uidOf3RdApk: 10032 ,permType: 0 ,permCfg: 0
05-12 13:09:16.849   614   743 W SocketListener: sending broadcast to Pid = 1294, Uid = 1000 
05-12 13:09:16.982  2060  2141 I HwLBSService.HwNLPDBManager: query loc Form Cell Table
05-12 13:09:17.034  2060  2141 I HwLBSService.HwNLPDBManager: query loc Form Cell Table
05-12 13:09:17.041  2060 17618 D HwLBSService.HwNLPDBManager:  refreshLocToCellTable start
05-12 13:09:17.042  2060 17618 I HwLBSService.HwNLPDBManager: isCellIdExist
05-12 13:09:17.042  2060 17618 I HwLBSService.HwNLPDBManager: is Not CellIdExist 
05-12 13:09:17.042  2060 17618 I HwLBSService.HwNLPDBManager: tb_network count is 1
05-12 13:09:17.042  2060 17618 D HwLBSService.HwNLPDBManager: cellid is not Exist, insert cellinfo to DB MAX_COLUMN : 1000,  dbsize : 1
05-12 13:09:17.045  1294 17619 I chatty  : uid=1000 system_server expire 2 lines
05-12 13:09:17.051  1294 17620 I chatty  : uid=1000 system_server expire 1 line
05-12 13:09:17.080  1294 14879 I chatty  : uid=1000(system) Binder:1294_1D expire 24 lines
05-12 13:09:18.148  1933  1933 W KeyguardViewMediator: kgsvc callback -> .keyguardGoingAway 4 false false
05-12 13:09:18.161  1294  2621 I chatty  : uid=1000(system) Binder:1294_B expire 28 lines
05-12 13:09:18.186  1933  1933 W KeyguardViewMediator: callback -> onShowingStateChanged.
05-12 13:09:18.188  1933  2307 W KeyguardViewMediator: KgSvc reportKeyguardShowingChanged. cost = 1
05-12 13:09:18.193  1294  1864 I chatty  : uid=1000(system) fingerprintServ expire 14 lines
05-12 13:09:18.232  1294  1820 I chatty  : uid=1000(system) WifiP2pService expire 11 lines
05-12 13:09:18.245  1294  1720 I chatty  : uid=1000(system) HwBinder:1294_3 expire 11 lines
05-12 13:09:19.089  1294  1515 I chatty  : uid=1000(system) ThirdAppHandler expire 12 lines
05-12 13:09:20.101 16312 17649 D HwCustConnectivityManagerImpl: isBlockNetworkRequestByNonAis, INVALID_SUBSCRIPTION_ID
05-12 13:09:20.675  1294 12308 I chatty  : uid=1000(system) Binder:1294_19 expire 24 lines
05-12 13:09:20.918   614   744 W SocketListener: sending broadcast to Pid = 1294, Uid = 1000 
05-12 13:09:20.925  1294  1532 I chatty  : uid=1000(system) android.fg expire 10 lines
05-12 13:09:20.928  1294  1777 I chatty  : uid=1000(system) NetworkStats expire 25 lines
05-12 13:09:22.922   614   744 W SocketListener: sending broadcast to Pid = 1294, Uid = 1000 
05-12 13:09:24.665  1294  2724 I chatty  : uid=1000(system) Binder:1294_D expire 17 lines
05-12 13:09:24.926   614   744 W SocketListener: sending broadcast to Pid = 1294, Uid = 1000 
05-12 13:09:26.930   614   744 W SocketListener: sending broadcast to Pid = 1294, Uid = 1000 
05-12 13:09:28.783  1294  1511 I chatty  : uid=1000(system) android.ui expire 66 lines
05-12 13:09:28.923  1294 14889 I chatty  : uid=1000(system) Binder:1294_1E expire 20 lines
05-12 13:09:28.935   614   744 W SocketListener: sending broadcast to Pid = 1294, Uid = 1000 
05-12 13:09:28.952  1294  1535 I chatty  : uid=1000(system) HwGameAssistant expire 10 lines
05-12 13:09:28.972 13805 13845 I HwNetworkPolicyManager: getHwUidPolicy uid = 1000 policy = 0
05-12 13:09:28.975  1294 17719 I chatty  : uid=1000 system_server expire 1 line
05-12 13:09:28.981  1961  1961 V ActivityThread: callActivityOnCreate
05-12 13:09:29.039  1961  1961 D ActivityThread: add activity client record, r= ActivityRecord{1fd30a0 token=android.os.BinderProxy@d8c1e0c {com.android.settings/com.android.settings.HWSettings}} token= android.os.BinderProxy@d8c1e0c
05-12 13:09:29.043  1961  1961 W ContextImpl: Calling a method in the system process without a qualified user: android.app.ContextImpl.sendBroadcast:1183 android.content.ContextWrapper.sendBroadcast:449 com.android.settings.HWSettings.onResume:266 android.app.Instrumentation.callActivityOnResume:1426 android.app.Activity.performResume:7663 
05-12 13:09:29.049  1294 12760 I chatty  : uid=1000(system) Binder:1294_1A expire 60 lines
05-12 13:09:29.057  1294  9982 I chatty  : uid=1000(system) Binder:1294_15 expire 16 lines
05-12 13:09:29.057  1961  1961 W ContextImpl: Calling a method in the system process without a qualified user: android.app.ContextImpl.bindService:1851 android.content.ContextWrapper.bindService:698 com.huawei.decision.DecisionHelper.bindService:59 huawei.android.widget.RollbackRuleDetector.start:156 huawei.support.v7.widget.HwRecyclerView.onAttachedToWindow:211 
05-12 13:09:29.197 17733 17733 D ActivityThread: Attach thread to application
05-12 13:09:29.201  1294  1294 I chatty  : uid=1000 system_server expire 41 lines
05-12 13:09:29.242  1933  8171 I CommandQueue: updateBarBgColor
05-12 13:09:29.242  1933  8171 D CommandQueue: CommandQueue, setBarBackgroundColor
05-12 13:09:29.251  2073  2231 I chatty  : uid=1000(system) HwCommBoosterTh expire 10 lines
05-12 13:09:29.251  2073  2073 I chatty  : uid=1000(system) com.huawei.systemserver expire 10 lines
05-12 13:09:29.274  1294  1446 I chatty  : uid=1000(system) Binder:1294_1 expire 24 lines
05-12 13:09:29.573  1294  2204 I chatty  : uid=1000(system) Binder:1294_8 expire 13 lines
05-12 13:09:29.705 17780 17780 D ActivityThread: Attach thread to application
05-12 13:09:30.008   540   551 D sdlock  : poll
05-12 13:09:30.009   540   551 I chatty  : uid=0(root) Binder:540_3 identical 1 line
05-12 13:09:30.010   540   551 D sdlock  : poll
05-12 13:09:30.938   614   744 W SocketListener: sending broadcast to Pid = 1294, Uid = 1000 
05-12 13:09:30.939  1294  1767 I chatty  : uid=1000(system) NetdConnector expire 34 lines
05-12 13:09:30.940  1294  1532 I chatty  : uid=1000(system) android.fg expire 13 lines
05-12 13:09:30.942  1294  1777 I chatty  : uid=1000(system) NetworkStats expire 10 lines
05-12 13:09:32.441  1294  1824 I chatty  : uid=1000(system) ConnectivitySer expire 14 lines
05-12 13:09:32.608  1961  1961 V ActivityThread: callActivityOnCreate
05-12 13:09:32.645  1961  1961 D ActivityThread: add activity client record, r= ActivityRecord{5f11fac token=android.os.BinderProxy@785e2a8 {com.android.settings/com.android.settings.Settings$HwSystemDashboardActivity}} token= android.os.BinderProxy@785e2a8
05-12 13:09:32.655  1294 14966 I chatty  : uid=1000(system) Binder:1294_1F expire 12 lines
05-12 13:09:32.668  1961  1961 E ActivityThread: Failed to find provider info for com.huawei.wildkids
05-12 13:09:32.679  1961  1961 W ContextImpl: Calling a method in the system process without a qualified user: android.app.ContextImpl.bindService:1851 android.content.ContextWrapper.bindService:698 com.huawei.decision.DecisionHelper.bindService:59 huawei.android.widget.RollbackRuleDetector.start:156 huawei.android.widget.ListView.onAttachedToWindow:185 
05-12 13:09:32.680  1961  1961 W ContextImpl: Calling a method in the system process without a qualified user: android.app.ContextImpl.bindService:1851 android.content.ContextWrapper.bindService:698 com.huawei.decision.DecisionHelper.bindService:59 huawei.android.widget.RollbackRuleDetector.start:156 huawei.support.v7.widget.HwRecyclerView.onAttachedToWindow:211 
05-12 13:09:32.689  1294  4388 I chatty  : uid=1000(system) Binder:1294_F expire 17 lines
05-12 13:09:32.742  1294  1607 I chatty  : uid=1000(system) android.anim expire 37 lines
05-12 13:09:35.146   614   744 W SocketListener: sending broadcast to Pid = 1294, Uid = 1000 
05-12 13:09:38.213  2073  3899 I chatty  : uid=1000(system) Binder:2073_7 expire 10 lines
05-12 13:09:39.018  1294  1975 I chatty  : uid=1000(system) Binder:1294_5 expire 13 lines
05-12 13:09:39.035  1961  1961 V ActivityThread: callActivityOnCreate
05-12 13:09:39.077  1961  1961 D ActivityThread: add activity client record, r= ActivityRecord{1ceb0fc token=android.os.BinderProxy@10f4904 {com.android.settings/com.android.settings.SubSettings}} token= android.os.BinderProxy@10f4904
05-12 13:09:39.084  1961  1961 W ContextImpl: Calling a method in the system process without a qualified user: android.app.ContextImpl.sendBroadcast:1183 android.content.ContextWrapper.sendBroadcast:449 com.android.settings.DeviceInfoSettings.onResume:329 android.app.Fragment.performResume:2590 android.app.FragmentManagerImpl.moveToState:1346 
05-12 13:09:39.091  1961  1961 W ContextImpl: Calling a method in the system process without a qualified user: android.app.ContextImpl.bindService:1851 android.content.ContextWrapper.bindService:698 com.huawei.decision.DecisionHelper.bindService:59 huawei.android.widget.RollbackRuleDetector.start:156 huawei.android.widget.ListView.onAttachedToWindow:185 
05-12 13:09:39.093  1961  1961 W ContextImpl: Calling a method in the system process without a qualified user: android.app.ContextImpl.bindService:1851 android.content.ContextWrapper.bindService:698 com.huawei.decision.DecisionHelper.bindService:59 huawei.android.widget.RollbackRuleDetector.start:156 huawei.support.v7.widget.HwRecyclerView.onAttachedToWindow:211 
05-12 13:09:42.357  1294 17859 I chatty  : uid=1000 system_server expire 1 line
05-12 13:09:42.364  1294  1513 I chatty  : uid=1000(system) ActivityManager expire 10 lines
05-12 13:09:42.375  1294  1511 I chatty  : uid=1000(system) android.ui expire 132 lines
05-12 13:09:42.378 17860 17860 D ActivityThread: Attach thread to application
05-12 13:09:42.384  1294 14889 I chatty  : uid=1000(system) Binder:1294_1E expire 37 lines
05-12 13:09:42.387  1294  1507 I chatty  : uid=1000(system) HwActivityManag expire 17 lines
05-12 13:09:42.387  1294 12760 I chatty  : uid=1000(system) Binder:1294_1A expire 60 lines
05-12 13:09:42.408 13805 13845 I HwNetworkPolicyManager: getHwUidPolicy uid = 1000 policy = 0
05-12 13:09:42.415 17860 17860 V ActivityThread: callActivityOnCreate
05-12 13:09:42.421 17860 17860 D ActivityThread: add activity client record, r= ActivityRecord{1e55d4 token=android.os.BinderProxy@43fdb3c {android/com.android.internal.app.PlatLogoActivity}} token= android.os.BinderProxy@43fdb3c
05-12 13:09:42.443  1933  1955 I CommandQueue: updateBarBgColor
05-12 13:09:42.443  1933  1955 D CommandQueue: CommandQueue, setBarBackgroundColor
05-12 13:09:42.672  1294  1509 I chatty  : uid=1000(system) ActivityManager expire 10 lines
05-12 13:09:44.562  1294  1716 I chatty  : uid=1000(system) InputDispatcher expire 15 lines
05-12 13:09:44.655 13805 13845 I HwNetworkPolicyManager: getHwUidPolicy uid = 1000 policy = 0
05-12 13:09:44.657  1961  1961 W ContextImpl: Calling a method in the system process without a qualified user: android.app.ContextImpl.sendBroadcast:1183 android.content.ContextWrapper.sendBroadcast:449 com.android.settings.DeviceInfoSettings.onResume:329 android.app.Fragment.performResume:2590 android.app.FragmentManagerImpl.moveToState:1346 
05-12 13:09:44.670  1933  1955 I CommandQueue: updateBarBgColor
05-12 13:09:44.671  1933  1955 D CommandQueue: CommandQueue, setBarBackgroundColor
05-12 13:09:45.011 17860 17860 D ActivityThread: Remove activity client record, r= ActivityRecord{1e55d4 token=android.os.BinderProxy@43fdb3c {android/com.android.internal.app.PlatLogoActivity}} token= android.os.BinderProxy@43fdb3c
05-12 13:09:45.185  1294  1546 I chatty  : uid=1000(system) PackageManager expire 10 lines
05-12 13:09:45.318  2073  2231 I chatty  : uid=1000(system) HwCommBoosterTh expire 36 lines
05-12 13:09:45.389  1961  1961 W ContextImpl: Calling a method in the system process without a qualified user: android.app.ContextImpl.startService:1771 android.content.ContextWrapper.startService:664 android.content.ContextWrapper.startService:664 com.android.settings.applications.BlackListReceiver.onReceive:50 android.app.ActivityThread.handleReceiver:4018 
05-12 13:09:45.405 13941 13941 W ContextImpl: Calling a method in the system process without a qualified user: android.app.ContextImpl.startService:1771 android.content.ContextWrapper.startService:664 android.content.ContextWrapper.startService:664 com.huawei.systemmanager.antivirus.utils.AntiVirusTools.deleteVirusApk:740 com.huawei.systemmanager.antivirus.AntiVirusReceiver.handlerPackageRemoved:58 
05-12 13:09:45.406  1294 14879 I chatty  : uid=1000(system) Binder:1294_1D expire 41 lines
05-12 13:09:45.440  1961  1961 W ContextImpl: Calling a method in the system process without a qualified user: android.app.ContextImpl.startService:1771 android.content.ContextWrapper.startService:664 android.content.ContextWrapper.startService:664 com.android.settings.applications.BlackListReceiver.onReceive:50 android.app.ActivityThread.handleReceiver:4018 
05-12 13:09:45.459 13941 13941 W ContextImpl: Calling a method in the system process without a qualified user: android.app.ContextImpl.startService:1771 android.content.ContextWrapper.startService:664 android.content.ContextWrapper.startService:664 com.huawei.systemmanager.antivirus.utils.AntiVirusTools.checkVirusForNewInstalledApk:728 com.huawei.systemmanager.antivirus.AntiVirusReceiver.onReceive:42 
05-12 13:09:45.460 13805 13805 W ContextImpl: Calling a method in the system process without a qualified user: android.app.ContextImpl.startService:1771 android.content.ContextWrapper.startService:664 com.huawei.systemmanager.antivirus.AntiVirusService.handleInstalledApkCheck:391 com.huawei.systemmanager.antivirus.AntiVirusService.onStartCommand:296 android.app.ActivityThread.handleServiceArgs:4316 
05-12 13:09:45.487 17918 17918 D ActivityThread: Attach thread to application
05-12 13:09:45.545 17918 17918 W ContextImpl: Calling a method in the system process without a qualified user: android.app.ContextImpl.bindService:1851 android.content.ContextWrapper.bindService:698 com.huawei.systemmanager.antivirus.ai.ArtificialIntelligenceManager.bindService:117 com.huawei.systemmanager.antivirus.ai.ArtificialIntelligenceManager.checkStatus:298 com.huawei.systemmanager.antivirus.AntiVirusScanService.onCreate:45 
05-12 13:09:45.551 17918 17918 W ContextImpl: Calling a method in the system process without a qualified user: android.app.ContextImpl.bindService:1851 android.content.ContextWrapper.bindService:698 com.huawei.library.stat.client.HsmStatProxy.bindService:276 com.huawei.library.stat.client.HsmStatProxy.access$000:34 com.huawei.library.stat.client.HsmStatProxy$1.handleMessage:67 
05-12 13:09:45.569  2073  2073 I chatty  : uid=1000(system) com.huawei.systemserver expire 19 lines
05-12 13:09:45.570 17918 17957 W ContextImpl: Calling a method in the system process without a qualified user: android.app.ContextImpl.bindService:1851 android.content.ContextWrapper.bindService:698 com.qihoo.qvssdk.AntivirusEngineImpl.install:85 com.qihoo.qvssdk.AntivirusProviderImpl.install:123 com.huawei.systemmanager.antivirus.newengine.AntivirusScanHelper$ScanTask.call:58 
05-12 13:09:45.575 17918 17959 W ContextImpl: Calling a method in the system process without a qualified user: android.app.ContextImpl.bindService:1851 android.content.ContextWrapper.bindService:698 tmsdkobf.hj.bn:41 tmsdk.common.TMSDKContext.init:63 com.huawei.library.sdk.tmsdk.TMSdkEngine.init:55 
05-12 13:09:45.589 17918 17959 W ContextImpl: Calling a method in the system process without a qualified user: android.app.ContextImpl.startService:1771 android.content.ContextWrapper.startService:664 tmsdk.common.TMSDKContext.init:214 com.huawei.library.sdk.tmsdk.TMSdkEngine.init:55 com.huawei.library.sdk.tmsdk.TMSdkEngine.initTMSDK:37 
05-12 13:09:45.680  1961  1961 W ContextImpl: Calling a method in the system process without a qualified user: android.app.ContextImpl.startService:1771 android.content.ContextWrapper.startService:664 android.content.ContextWrapper.startService:664 com.android.settings.applications.BlackListReceiver.onReceive:50 android.app.ActivityThread.handleReceiver:4018 
05-12 13:09:45.785 17918 17961 W PackageParser: Ignoring duplicate uses-permissions/uses-permissions-sdk-m: android.permission.ACCESS_NETWORK_STATE in package: com.jingdong.app.mall at: Binary XML file line #18
05-12 13:09:45.788 17918 17961 W PackageParser: Ignoring duplicate uses-permissions/uses-permissions-sdk-m: android.permission.BLUETOOTH_ADMIN in package: com.jingdong.app.mall at: Binary XML file line #64
05-12 13:09:45.789 17918 17961 W PackageParser: Ignoring duplicate uses-permissions/uses-permissions-sdk-m: android.permission.SYSTEM_ALERT_WINDOW in package: com.jingdong.app.mall at: Binary XML file line #72
05-12 13:09:46.556 16312 17649 W PackageParser: Ignoring duplicate uses-permissions/uses-permissions-sdk-m: android.permission.ACCESS_NETWORK_STATE in package: com.jingdong.app.mall at: Binary XML file line #18
05-12 13:09:46.557 16312 17649 W PackageParser: Ignoring duplicate uses-permissions/uses-permissions-sdk-m: android.permission.BLUETOOTH_ADMIN in package: com.jingdong.app.mall at: Binary XML file line #64
05-12 13:09:46.557 16312 17649 W PackageParser: Ignoring duplicate uses-permissions/uses-permissions-sdk-m: android.permission.SYSTEM_ALERT_WINDOW in package: com.jingdong.app.mall at: Binary XML file line #72
05-12 13:09:46.959 13805 13932 W ContextImpl: Calling a method in the system process without a qualified user: android.app.ContextImpl.startService:1771 android.content.ContextWrapper.startService:664 com.huawei.systemmanager.spacecleanner.receiver.SpaceCleanReceiver.checkRarelyUsedApp:98 com.huawei.systemmanager.spacecleanner.receiver.SpaceCleanReceiver.doInBackground:46 java.lang.reflect.Method.invoke:-2 
05-12 13:09:47.755 13805 13978 W ContextImpl: Calling a method in the system process without a qualified user: android.app.ContextImpl.startService:1771 android.content.ContextWrapper.startService:664 com.huawei.systemmanager.spacecleanner.receiver.SpaceCleanReceiver.checkRarelyUsedApp:98 com.huawei.systemmanager.spacecleanner.receiver.SpaceCleanReceiver.doInBackground:46 java.lang.reflect.Method.invoke:-2 
05-12 13:09:48.522 17918 18033 W ContextImpl: Calling a method in the system process without a qualified user: android.app.ContextImpl.sendBroadcast:1162 android.content.ContextWrapper.sendBroadcast:444 tmsdkobf.mi.a:55 tmsdkobf.mn$4$2$1.a:99 tmsdkobf.mi$1.a:438 
05-12 13:10:00.001  1294  1294 I chatty  : uid=1000 system_server expire 10 lines
05-12 13:10:09.375  1294  1537 I chatty  : uid=1000(system) PowerManagerSer expire 11 lines
05-12 13:10:11.520  1294  1533 I chatty  : uid=1000(system) android.io expire 3 lines
05-12 13:10:11.523  1961  1961 D ActivityThread: Remove activity client record, r= ActivityRecord{1ceb0fc token=android.os.BinderProxy@10f4904 {com.android.settings/com.android.settings.SubSettings}} token= android.os.BinderProxy@10f4904
05-12 13:10:11.525  1294  2204 I chatty  : uid=1000(system) Binder:1294_8 expire 52 lines
05-12 13:10:11.530  1961  1961 V ActivityThread: callActivityOnCreate
05-12 13:10:11.560  1961  1961 D ActivityThread: add activity client record, r= ActivityRecord{1ceb0fc token=android.os.BinderProxy@10f4904 {com.android.settings/com.android.settings.SubSettings}} token= android.os.BinderProxy@10f4904
05-12 13:10:11.566  1961  1961 W ContextImpl: Calling a method in the system process without a qualified user: android.app.ContextImpl.sendBroadcast:1183 android.content.ContextWrapper.sendBroadcast:449 com.android.settings.DeviceInfoSettings.onResume:329 android.app.Fragment.performResume:2590 android.app.FragmentManagerImpl.moveToState:1346 
05-12 13:10:11.569  1294  9982 I chatty  : uid=1000(system) Binder:1294_15 expire 20 lines
05-12 13:10:11.571  1961  1961 W ContextImpl: Calling a method in the system process without a qualified user: android.app.ContextImpl.bindService:1851 android.content.ContextWrapper.bindService:698 com.huawei.decision.DecisionHelper.bindService:59 huawei.android.widget.RollbackRuleDetector.start:156 huawei.android.widget.ListView.onAttachedToWindow:185 
05-12 13:10:11.572  1961  1961 W ContextImpl: Calling a method in the system process without a qualified user: android.app.ContextImpl.bindService:1851 android.content.ContextWrapper.bindService:698 com.huawei.decision.DecisionHelper.bindService:59 huawei.android.widget.RollbackRuleDetector.start:156 huawei.support.v7.widget.HwRecyclerView.onAttachedToWindow:211 
05-12 13:10:11.578  1294 13197 I chatty  : uid=1000(system) Binder:1294_1B expire 29 lines
05-12 13:10:11.580  1294  7044 I chatty  : uid=1000(system) Binder:1294_11 expire 16 lines
05-12 13:10:11.614  1294  1607 I chatty  : uid=1000(system) android.anim expire 15 lines
05-12 13:10:12.191   786   982 I storaged: storaged_t::event: storage_info refreshed.
05-12 13:10:13.018  1294  1624 I chatty  : uid=1000(system) UEventObserver expire 30 lines
05-12 13:10:13.053  1933  1933 W PowerUI : unknown intent: Intent { act=android.intent.action.ACTION_POWER_CONNECTED flg=0x4000010 (has extras) }
05-12 13:10:13.078   786  1627 I storaged: uid_monitor::update_curr_io_stats_locked: last_uid_io_stats_ size is 135
05-12 13:10:13.078   786  1627 I storaged: uid_monitor::update_curr_io_stats_locked: curr_io_stats_ size is 135
05-12 13:10:13.085  1294  1622 I chatty  : uid=1000(system) HwBatteryServic expire 3 lines
05-12 13:10:13.092  2073  2244 I chatty  : uid=1000(system) OllieMain expire 10 lines
05-12 13:10:13.150 18089 18089 D ActivityThread: Attach thread to application
05-12 13:10:13.184  1294 14966 I chatty  : uid=1000(system) Binder:1294_1F expire 31 lines
05-12 13:10:13.282 18089 18121 W DE J ImageProcessorAlgoImpl: [effect] initAlgoXmlPath() error! can't find xml
05-12 13:10:13.405 18170 18170 D ActivityThread: Attach thread to application
05-12 13:10:13.451  1294  1844 I chatty  : uid=1000(system) Thread-6 expire 10 lines
05-12 13:10:13.517  1294 14889 I chatty  : uid=1000(system) Binder:1294_1E expire 14 lines
05-12 13:10:13.576 18219 18219 D ActivityThread: Attach thread to application
05-12 13:10:13.785  1961  1961 D ActivityThread: Remove activity client record, r= ActivityRecord{1ceb0fc token=android.os.BinderProxy@10f4904 {com.android.settings/com.android.settings.SubSettings}} token= android.os.BinderProxy@10f4904
05-12 13:10:13.793  1961  1961 V ActivityThread: callActivityOnCreate
05-12 13:10:13.841  1961  1961 D ActivityThread: add activity client record, r= ActivityRecord{1ceb0fc token=android.os.BinderProxy@10f4904 {com.android.settings/com.android.settings.SubSettings}} token= android.os.BinderProxy@10f4904
05-12 13:10:13.851  1961  1961 W ContextImpl: Calling a method in the system process without a qualified user: android.app.ContextImpl.sendBroadcast:1183 android.content.ContextWrapper.sendBroadcast:449 com.android.settings.DeviceInfoSettings.onResume:329 android.app.Fragment.performResume:2590 android.app.FragmentManagerImpl.moveToState:1346 
05-12 13:10:13.860  1961  1961 W ContextImpl: Calling a method in the system process without a qualified user: android.app.ContextImpl.bindService:1851 android.content.ContextWrapper.bindService:698 com.huawei.decision.DecisionHelper.bindService:59 huawei.android.widget.RollbackRuleDetector.start:156 huawei.android.widget.ListView.onAttachedToWindow:185 
05-12 13:10:13.861  1961  1961 W ContextImpl: Calling a method in the system process without a qualified user: android.app.ContextImpl.bindService:1851 android.content.ContextWrapper.bindService:698 com.huawei.decision.DecisionHelper.bindService:59 huawei.android.widget.RollbackRuleDetector.start:156 huawei.support.v7.widget.HwRecyclerView.onAttachedToWindow:211 
05-12 13:10:13.918 18306 18306 D ActivityThread: Attach thread to application
05-12 13:10:13.921  1961  1961 W ContextImpl: Calling a method in the system process without a qualified user: android.app.ContextImpl.startService:1771 android.content.ContextWrapper.startService:664 android.content.ContextWrapper.startService:664 com.android.settings.deviceinfo.UsbReceiver.startUsbService:322 com.android.settings.deviceinfo.UsbReceiver.onUsbStateReceive:168 
05-12 13:10:13.927  1961  1961 W ContextImpl: Calling a method in the system process without a qualified user: android.app.ContextImpl.startService:1771 android.content.ContextWrapper.startService:664 android.content.ContextWrapper.startService:664 com.android.settings.deviceinfo.UsbReceiver.startUsbService:322 com.android.settings.deviceinfo.UsbReceiver.onUsbStateReceive:221 
05-12 13:10:14.000  1961  1961 W ContextImpl: Calling a method in the system process without a qualified user: android.app.ContextImpl.startService:1771 android.content.ContextWrapper.startService:664 android.content.ContextWrapper.startService:664 com.android.settings.deviceinfo.UsbReceiver.startUsbService:322 com.android.settings.deviceinfo.UsbReceiver.onUsbStateReceive:168 
05-12 13:10:14.001  1961  1961 W ContextImpl: Calling a method in the system process without a qualified user: android.app.ContextImpl.startService:1771 android.content.ContextWrapper.startService:664 android.content.ContextWrapper.startService:664 com.android.settings.deviceinfo.UsbReceiver.startUsbService:322 com.android.settings.deviceinfo.UsbReceiver.onUsbStateReceive:221 
05-12 13:10:14.035 18219 18333 E ActivityThread: Failed to find provider info for service_oversea_rom
05-12 13:10:14.089  1294  1294 I chatty  : uid=1000 system_server expire 29 lines
05-12 13:10:14.199 18306 18306 W ContextImpl: Calling a method in the system process without a qualified user: android.app.ContextImpl.startService:1771 android.content.ContextWrapper.startService:664 android.content.ContextWrapper.startService:664 com.huawei.hwdetectrepair.smartnotify.eventlistener.PowerConnectionReceiver.onReceive:39 android.app.ActivityThread.handleReceiver:4018 
05-12 13:10:15.412  1294 14879 I chatty  : uid=1000(system) Binder:1294_1D expire 26 lines
05-12 13:10:15.873  1294  4388 I chatty  : uid=1000(system) Binder:1294_F expire 43 lines
05-12 13:10:16.054   614   744 W SocketListener: sending broadcast to Pid = 1294, Uid = 1000 
05-12 13:10:16.055  1294  1767 I chatty  : uid=1000(system) NetdConnector expire 12 lines
05-12 13:10:16.058  2073  2073 I chatty  : uid=1000(system) com.huawei.systemserver expire 21 lines
05-12 13:10:16.059  1294  1777 I chatty  : uid=1000(system) NetworkStats expire 10 lines
05-12 13:10:16.065  2073  2231 I chatty  : uid=1000(system) HwCommBoosterTh expire 10 lines
05-12 13:10:16.245 18453 18453 D ActivityThread: Attach thread to application
05-12 13:10:16.408 18453 18473 W DE J ImageProcessorAlgoImpl: [effect] initAlgoXmlPath() error! can't find xml
05-12 13:10:16.596 18219 18503 E ActivityThread: Failed to find provider info for service_oversea_rom
05-12 13:10:16.916  3411  3411 E ActivityThread: Service com.android.providers.downloads.DownloadJobService has leaked ServiceConnection android.media.MediaScannerConnection@1a87519 that was originally bound here
05-12 13:10:16.916  3411  3411 E ActivityThread: android.app.ServiceConnectionLeaked: Service com.android.providers.downloads.DownloadJobService has leaked ServiceConnection android.media.MediaScannerConnection@1a87519 that was originally bound here
05-12 13:10:16.916  3411  3411 E ActivityThread: 	at android.app.LoadedApk$ServiceDispatcher.<init>(LoadedApk.java:1811)
05-12 13:10:16.916  3411  3411 E ActivityThread: 	at android.app.LoadedApk.getServiceDispatcher(LoadedApk.java:1702)
05-12 13:10:16.916  3411  3411 E ActivityThread: 	at android.app.ContextImpl.bindServiceCommon(ContextImpl.java:1899)
05-12 13:10:16.916  3411  3411 E ActivityThread: 	at android.app.ContextImpl.bindService(ContextImpl.java:1852)
05-12 13:10:16.916  3411  3411 E ActivityThread: 	at android.content.ContextWrapper.bindService(ContextWrapper.java:698)
05-12 13:10:16.916  3411  3411 E ActivityThread: 	at android.media.MediaScannerConnection.connect(MediaScannerConnection.java:119)
05-12 13:10:16.916  3411  3411 E ActivityThread: 	at com.android.providers.downloads.DownloadScanner.requestScan(DownloadScanner.java:130)
05-12 13:10:16.916  3411  3411 E ActivityThread: 	at com.android.providers.downloads.DownloadScanner.requestScanBlocking(DownloadScanner.java:85)
05-12 13:10:16.916  3411  3411 E ActivityThread: 	at com.android.providers.downloads.DownloadThread.run(DownloadThread.java:447)
05-12 13:10:16.922  3411  3411 E ActivityThread: Service com.android.providers.downloads.DownloadJobService has leaked ServiceConnection android.media.MediaScannerConnection@4bc4fb7 that was originally bound here
05-12 13:10:16.922  3411  3411 E ActivityThread: android.app.ServiceConnectionLeaked: Service com.android.providers.downloads.DownloadJobService has leaked ServiceConnection android.media.MediaScannerConnection@4bc4fb7 that was originally bound here
05-12 13:10:16.922  3411  3411 E ActivityThread: 	at android.app.LoadedApk$ServiceDispatcher.<init>(LoadedApk.java:1811)
05-12 13:10:16.922  3411  3411 E ActivityThread: 	at android.app.LoadedApk.getServiceDispatcher(LoadedApk.java:1702)
05-12 13:10:16.922  3411  3411 E ActivityThread: 	at android.app.ContextImpl.bindServiceCommon(ContextImpl.java:1899)
05-12 13:10:16.922  3411  3411 E ActivityThread: 	at android.app.ContextImpl.bindService(ContextImpl.java:1852)
05-12 13:10:16.922  3411  3411 E ActivityThread: 	at android.content.ContextWrapper.bindService(ContextWrapper.java:698)
05-12 13:10:16.922  3411  3411 E ActivityThread: 	at android.media.MediaScannerConnection.connect(MediaScannerConnection.java:119)
05-12 13:10:16.922  3411  3411 E ActivityThread: 	at com.android.providers.downloads.DownloadScanner.requestScan(DownloadScanner.java:130)
05-12 13:10:16.922  3411  3411 E ActivityThread: 	at com.android.providers.downloads.DownloadScanner.requestScanBlocking(DownloadScanner.java:85)
05-12 13:10:16.922  3411  3411 E ActivityThread: 	at com.android.providers.downloads.DownloadThread.run(DownloadThread.java:447)
05-12 13:10:16.924  3411  3411 E ActivityThread: Service com.android.providers.downloads.DownloadJobService has leaked ServiceConnection android.media.MediaScannerConnection@5f315b4 that was originally bound here
05-12 13:10:16.924  3411  3411 E ActivityThread: android.app.ServiceConnectionLeaked: Service com.android.providers.downloads.DownloadJobService has leaked ServiceConnection android.media.MediaScannerConnection@5f315b4 that was originally bound here
05-12 13:10:16.924  3411  3411 E ActivityThread: 	at android.app.LoadedApk$ServiceDispatcher.<init>(LoadedApk.java:1811)
05-12 13:10:16.924  3411  3411 E ActivityThread: 	at android.app.LoadedApk.getServiceDispatcher(LoadedApk.java:1702)
05-12 13:10:16.924  3411  3411 E ActivityThread: 	at android.app.ContextImpl.bindServiceCommon(ContextImpl.java:1899)
05-12 13:10:16.924  3411  3411 E ActivityThread: 	at android.app.ContextImpl.bindService(ContextImpl.java:1852)
05-12 13:10:16.924  3411  3411 E ActivityThread: 	at android.content.ContextWrapper.bindService(ContextWrapper.java:698)
05-12 13:10:16.924  3411  3411 E ActivityThread: 	at android.media.MediaScannerConnection.connect(MediaScannerConnection.java:119)
05-12 13:10:16.924  3411  3411 E ActivityThread: 	at com.android.providers.downloads.DownloadScanner.requestScan(DownloadScanner.java:130)
05-12 13:10:16.924  3411  3411 E ActivityThread: 	at com.android.providers.downloads.DownloadScanner.requestScanBlocking(DownloadScanner.java:85)
05-12 13:10:16.924  3411  3411 E ActivityThread: 	at com.android.providers.downloads.DownloadThread.run(DownloadThread.java:447)
05-12 13:10:16.925  3411  3411 E ActivityThread: Service com.android.providers.downloads.DownloadJobService has leaked ServiceConnection android.media.MediaScannerConnection@7153dfd that was originally bound here
05-12 13:10:16.925  3411  3411 E ActivityThread: android.app.ServiceConnectionLeaked: Service com.android.providers.downloads.DownloadJobService has leaked ServiceConnection android.media.MediaScannerConnection@7153dfd that was originally bound here
05-12 13:10:16.925  3411  3411 E ActivityThread: 	at android.app.LoadedApk$ServiceDispatcher.<init>(LoadedApk.java:1811)
05-12 13:10:16.925  3411  3411 E ActivityThread: 	at android.app.LoadedApk.getServiceDispatcher(LoadedApk.java:1702)
05-12 13:10:16.925  3411  3411 E ActivityThread: 	at android.app.ContextImpl.bindServiceCommon(ContextImpl.java:1899)
05-12 13:10:16.925  3411  3411 E ActivityThread: 	at android.app.ContextImpl.bindService(ContextImpl.java:1852)
05-12 13:10:16.925  3411  3411 E ActivityThread: 	at android.content.ContextWrapper.bindService(ContextWrapper.java:698)
05-12 13:10:16.925  3411  3411 E ActivityThread: 	at android.media.MediaScannerConnection.connect(MediaScannerConnection.java:119)
05-12 13:10:16.925  3411  3411 E ActivityThread: 	at com.android.providers.downloads.DownloadScanner.requestScan(DownloadScanner.java:130)
05-12 13:10:16.925  3411  3411 E ActivityThread: 	at com.android.providers.downloads.DownloadScanner.requestScanBlocking(DownloadScanner.java:85)
05-12 13:10:16.925  3411  3411 E ActivityThread: 	at com.android.providers.downloads.DownloadThread.run(DownloadThread.java:447)
05-12 13:10:16.927  3411  3411 E ActivityThread: Service com.android.providers.downloads.DownloadJobService has leaked ServiceConnection android.media.MediaScannerConnection@8b05433 that was originally bound here
05-12 13:10:16.927  3411  3411 E ActivityThread: android.app.ServiceConnectionLeaked: Service com.android.providers.downloads.DownloadJobService has leaked ServiceConnection android.media.MediaScannerConnection@8b05433 that was originally bound here
05-12 13:10:16.927  3411  3411 E ActivityThread: 	at android.app.LoadedApk$ServiceDispatcher.<init>(LoadedApk.java:1811)
05-12 13:10:16.927  3411  3411 E ActivityThread: 	at android.app.LoadedApk.getServiceDispatcher(LoadedApk.java:1702)
05-12 13:10:16.927  3411  3411 E ActivityThread: 	at android.app.ContextImpl.bindServiceCommon(ContextImpl.java:1899)
05-12 13:10:16.927  3411  3411 E ActivityThread: 	at android.app.ContextImpl.bindService(ContextImpl.java:1852)
05-12 13:10:16.927  3411  3411 E ActivityThread: 	at android.content.ContextWrapper.bindService(ContextWrapper.java:698)
05-12 13:10:16.927  3411  3411 E ActivityThread: 	at android.media.MediaScannerConnection.connect(MediaScannerConnection.java:119)
05-12 13:10:16.927  3411  3411 E ActivityThread: 	at com.android.providers.downloads.DownloadScanner.requestScan(DownloadScanner.java:130)
