05-12 13:10:16.927  3411  3411 E ActivityThread: 	at com.android.providers.downloads.DownloadScanner.requestScanBlocking(DownloadScanner.java:85)
05-12 13:10:16.927  3411  3411 E ActivityThread: 	at com.android.providers.downloads.DownloadThread.run(DownloadThread.java:447)
05-12 13:10:16.928  3411  3411 E ActivityThread: Service com.android.providers.downloads.DownloadJobService has leaked ServiceConnection android.media.MediaScannerConnection@9955a54 that was originally bound here
05-12 13:10:16.928  3411  3411 E ActivityThread: android.app.ServiceConnectionLeaked: Service com.android.providers.downloads.DownloadJobService has leaked ServiceConnection android.media.MediaScannerConnection@9955a54 that was originally bound here
05-12 13:10:16.928  3411  3411 E ActivityThread: 	at android.app.LoadedApk$ServiceDispatcher.<init>(LoadedApk.java:1811)
05-12 13:10:16.928  3411  3411 E ActivityThread: 	at android.app.LoadedApk.getServiceDispatcher(LoadedApk.java:1702)
05-12 13:10:16.928  3411  3411 E ActivityThread: 	at android.app.ContextImpl.bindServiceCommon(ContextImpl.java:1899)
05-12 13:10:16.928  3411  3411 E ActivityThread: 	at android.app.ContextImpl.bindService(ContextImpl.java:1852)
05-12 13:10:16.928  3411  3411 E ActivityThread: 	at android.content.ContextWrapper.bindService(ContextWrapper.java:698)
05-12 13:10:16.928  3411  3411 E ActivityThread: 	at android.media.MediaScannerConnection.connect(MediaScannerConnection.java:119)
05-12 13:10:16.928  3411  3411 E ActivityThread: 	at com.android.providers.downloads.DownloadScanner.requestScan(DownloadScanner.java:130)
05-12 13:10:16.928  3411  3411 E ActivityThread: 	at com.android.providers.downloads.DownloadScanner.requestScanBlocking(DownloadScanner.java:85)
05-12 13:10:16.928  3411  3411 E ActivityThread: 	at com.android.providers.downloads.DownloadThread.run(DownloadThread.java:447)
05-12 13:10:16.929  3411  3411 E ActivityThread: Service com.android.providers.downloads.DownloadJobService has leaked ServiceConnection android.media.MediaScannerConnection@d0365a7 that was originally bound here
05-12 13:10:16.929  3411  3411 E ActivityThread: android.app.ServiceConnectionLeaked: Service com.android.providers.downloads.DownloadJobService has leaked ServiceConnection android.media.MediaScannerConnection@d0365a7 that was originally bound here
05-12 13:10:16.929  3411  3411 E ActivityThread: 	at android.app.LoadedApk$ServiceDispatcher.<init>(LoadedApk.java:1811)
05-12 13:10:16.929  3411  3411 E ActivityThread: 	at android.app.LoadedApk.getServiceDispatcher(LoadedApk.java:1702)
05-12 13:10:16.929  3411  3411 E ActivityThread: 	at android.app.ContextImpl.bindServiceCommon(ContextImpl.java:1899)
05-12 13:10:16.929  3411  3411 E ActivityThread: 	at android.app.ContextImpl.bindService(ContextImpl.java:1852)
05-12 13:10:16.929  3411  3411 E ActivityThread: 	at android.content.ContextWrapper.bindService(ContextWrapper.java:698)
05-12 13:10:16.929  3411  3411 E ActivityThread: 	at android.media.MediaScannerConnection.connect(MediaScannerConnection.java:119)
05-12 13:10:16.929  3411  3411 E ActivityThread: 	at com.android.providers.downloads.DownloadScanner.requestScan(DownloadScanner.java:130)
05-12 13:10:16.929  3411  3411 E ActivityThread: 	at com.android.providers.downloads.DownloadScanner.requestScanBlocking(DownloadScanner.java:85)
05-12 13:10:16.929  3411  3411 E ActivityThread: 	at com.android.providers.downloads.DownloadThread.run(DownloadThread.java:447)
05-12 13:10:16.931  3411  3411 E ActivityThread: Service com.android.providers.downloads.DownloadJobService has leaked ServiceConnection android.media.MediaScannerConnection@d7ed01a that was originally bound here
05-12 13:10:16.931  3411  3411 E ActivityThread: android.app.ServiceConnectionLeaked: Service com.android.providers.downloads.DownloadJobService has leaked ServiceConnection android.media.MediaScannerConnection@d7ed01a that was originally bound here
05-12 13:10:16.931  3411  3411 E ActivityThread: 	at android.app.LoadedApk$ServiceDispatcher.<init>(LoadedApk.java:1811)
05-12 13:10:16.931  3411  3411 E ActivityThread: 	at android.app.LoadedApk.getServiceDispatcher(LoadedApk.java:1702)
05-12 13:10:16.931  3411  3411 E ActivityThread: 	at android.app.ContextImpl.bindServiceCommon(ContextImpl.java:1899)
05-12 13:10:16.931  3411  3411 E ActivityThread: 	at android.app.ContextImpl.bindService(ContextImpl.java:1852)
05-12 13:10:16.931  3411  3411 E ActivityThread: 	at android.content.ContextWrapper.bindService(ContextWrapper.java:698)
05-12 13:10:16.931  3411  3411 E ActivityThread: 	at android.media.MediaScannerConnection.connect(MediaScannerConnection.java:119)
05-12 13:10:16.931  3411  3411 E ActivityThread: 	at com.android.providers.downloads.DownloadScanner.requestScan(DownloadScanner.java:130)
05-12 13:10:16.931  3411  3411 E ActivityThread: 	at com.android.providers.downloads.DownloadScanner.requestScanBlocking(DownloadScanner.java:85)
05-12 13:10:16.931  3411  3411 E ActivityThread: 	at com.android.providers.downloads.DownloadThread.run(DownloadThread.java:447)
05-12 13:10:17.401 18219 18516 E ActivityThread: Failed to find provider info for service_oversea_rom
05-12 13:10:17.559  1294  2618 I chatty  : uid=1000(system) Binder:1294_A expire 28 lines
05-12 13:10:17.589  1294  1446 I chatty  : uid=1000(system) Binder:1294_1 expire 17 lines
05-12 13:10:18.231  1294 12308 I chatty  : uid=1000(system) Binder:1294_19 expire 34 lines
05-12 13:10:18.262   614   744 W SocketListener: sending broadcast to Pid = 1294, Uid = 1000 
05-12 13:10:20.263  1294  1511 I chatty  : uid=1000(system) android.ui expire 58 lines
05-12 13:10:20.317  1294  7045 I chatty  : uid=1000(system) Binder:1294_12 expire 41 lines
05-12 13:10:20.820  1961  1961 W ContextImpl: Calling a method in the system process without a qualified user: android.app.ContextImpl.sendBroadcast:1162 android.content.ContextWrapper.sendBroadcast:444 com.android.settings.deviceinfo.UsbSettingsService$5.onClick:789 com.android.settings.deviceinfo.UsbSettingsService$DialogItemListener.onClick:845 com.android.internal.app.AlertController$AlertParams$3.onItemClick:1184 
05-12 13:10:20.935  1961  1961 W ContextImpl: Calling a method in the system process without a qualified user: android.app.ContextImpl.startService:1771 android.content.ContextWrapper.startService:664 android.content.ContextWrapper.startService:664 com.android.settings.deviceinfo.UsbReceiver.startUsbService:322 com.android.settings.deviceinfo.UsbReceiver.onUsbStateReceive:168 
05-12 13:10:20.936  1961  1961 W ContextImpl: Calling a method in the system process without a qualified user: android.app.ContextImpl.startService:1771 android.content.ContextWrapper.startService:664 android.content.ContextWrapper.startService:664 com.android.settings.deviceinfo.UsbReceiver.startUsbService:322 com.android.settings.deviceinfo.UsbReceiver.onUsbStateReceive:221 
05-12 13:10:21.276  1961  1961 W ContextImpl: Calling a method in the system process without a qualified user: android.app.ContextImpl.startService:1771 android.content.ContextWrapper.startService:664 android.content.ContextWrapper.startService:664 com.android.settings.deviceinfo.UsbReceiver.startUsbService:322 com.android.settings.deviceinfo.UsbReceiver.onUsbStateReceive:168 
05-12 13:10:21.288  1961  1961 W ContextImpl: Calling a method in the system process without a qualified user: android.app.ContextImpl.startService:1771 android.content.ContextWrapper.startService:664 android.content.ContextWrapper.startService:664 com.android.settings.deviceinfo.UsbReceiver.startUsbService:322 com.android.settings.deviceinfo.UsbReceiver.onUsbStateReceive:221 
05-12 13:10:21.318  1961  1961 W ContextImpl: Calling a method in the system process without a qualified user: android.app.ContextImpl.startService:1771 android.content.ContextWrapper.startService:664 android.content.ContextWrapper.startService:664 com.android.settings.deviceinfo.UsbReceiver.startUsbService:322 com.android.settings.deviceinfo.UsbReceiver.onUsbStateReceive:168 
05-12 13:10:21.319  1961  1961 W ContextImpl: Calling a method in the system process without a qualified user: android.app.ContextImpl.startService:1771 android.content.ContextWrapper.startService:664 android.content.ContextWrapper.startService:664 com.android.settings.deviceinfo.UsbReceiver.startUsbService:322 com.android.settings.deviceinfo.UsbReceiver.onUsbStateReceive:221 
05-12 13:10:22.130  1294 12760 I chatty  : uid=1000(system) Binder:1294_1A expire 13 lines
05-12 13:10:25.021  1294  3270 I chatty  : uid=1000(system) HwUsbHDBManager expire 6 lines
05-12 13:10:25.080  1933  1933 V ActivityThread: callActivityOnCreate
05-12 13:10:25.088  1294  1534 I chatty  : uid=1000(system) android.display expire 11 lines
05-12 13:10:25.100  1933  1933 D ActivityThread: add activity client record, r= ActivityRecord{ed0d698 token=android.os.BinderProxy@e1459de {com.android.systemui/com.android.systemui.usb.HwUsbDebuggingActivity}} token= android.os.BinderProxy@e1459de
05-12 13:10:25.109  2073  3311 I chatty  : uid=1000(system) DollieAdapter expire 10 lines
05-12 13:10:25.128  1961  1961 W ContextImpl: Calling a method in the system process without a qualified user: android.app.ContextImpl.sendBroadcast:1183 android.content.ContextWrapper.sendBroadcast:449 com.android.settings.DeviceInfoSettings.onResume:329 android.app.Fragment.performResume:2590 android.app.FragmentManagerImpl.moveToState:1346 
05-12 13:10:25.139  2073  2572 I chatty  : uid=1000(system) DollieChrTh expire 10 lines
05-12 13:10:31.756  1933  1933 D ActivityThread: Remove activity client record, r= ActivityRecord{ed0d698 token=android.os.BinderProxy@e1459de {com.android.systemui/com.android.systemui.usb.HwUsbDebuggingActivity}} token= android.os.BinderProxy@e1459de
05-12 13:10:31.774  1294  1607 I chatty  : uid=1000(system) android.anim expire 44 lines
05-12 13:10:31.778  1294  1446 I chatty  : uid=1000(system) Binder:1294_1 expire 33 lines
05-12 13:10:31.783  1294  1505 I chatty  : uid=1000(system) android.bg expire 15 lines
05-12 13:10:31.785  2073  7677 I chatty  : uid=1000(system) Binder:2073_9 expire 6 lines
05-12 13:10:31.786  2073  2073 I chatty  : uid=1000(system) com.huawei.systemserver expire 37 lines
05-12 13:10:31.789 13805 13845 I HwNetworkPolicyManager: getHwUidPolicy uid = 10069 policy = 0
05-12 13:10:31.846  1933 14400 I CommandQueue: updateBarBgColor
05-12 13:10:31.846  1933 14400 D CommandQueue: CommandQueue, setBarBackgroundColor
05-12 13:10:34.880  2073  2231 I chatty  : uid=1000(system) HwCommBoosterTh expire 18 lines
05-12 13:10:34.996  1294  1507 I chatty  : uid=1000(system) HwActivityManag expire 10 lines
05-12 13:10:34.996  1294  1511 I chatty  : uid=1000(system) android.ui expire 56 lines
05-12 13:10:35.012  1294 12308 I chatty  : uid=1000(system) Binder:1294_19 expire 12 lines
05-12 13:10:35.013  1294  2618 I chatty  : uid=1000(system) Binder:1294_A expire 33 lines
05-12 13:10:35.024  1294 18581 I chatty  : uid=1000 system_server expire 1 line
05-12 13:10:35.024  1961  1961 D ActivityThread: Remove activity client record, r= ActivityRecord{5f11fac token=android.os.BinderProxy@785e2a8 {com.android.settings/com.android.settings.Settings$HwSystemDashboardActivity}} token= android.os.BinderProxy@785e2a8
05-12 13:10:35.030 13805 13845 I HwNetworkPolicyManager: getHwUidPolicy uid = 1000 policy = 0
05-12 13:10:35.031  1961  1961 D ActivityThread: Remove activity client record, r= ActivityRecord{1ceb0fc token=android.os.BinderProxy@10f4904 {com.android.settings/com.android.settings.SubSettings}} token= android.os.BinderProxy@10f4904
05-12 13:10:35.034  1294  4388 I chatty  : uid=1000(system) Binder:1294_F expire 22 lines
05-12 13:10:35.039  1961  1961 W ContextImpl: Calling a method in the system process without a qualified user: android.app.ContextImpl.sendBroadcast:1183 android.content.ContextWrapper.sendBroadcast:449 com.android.settings.HWSettings.onResume:266 android.app.Instrumentation.callActivityOnResume:1426 android.app.Activity.performResume:7663 
05-12 13:10:35.049  1294  2204 I chatty  : uid=1000(system) Binder:1294_8 expire 32 lines
05-12 13:10:35.051  1933  8399 I CommandQueue: updateBarBgColor
05-12 13:10:35.051  1933  8399 D CommandQueue: CommandQueue, setBarBackgroundColor
05-12 13:10:37.055  1933  1933 V ActivityThread: callActivityOnCreate
05-12 13:10:37.066  1933  1933 D ActivityThread: add activity client record, r= ActivityRecord{f6b2ce8 token=android.os.BinderProxy@9cf444f {com.android.systemui/com.android.systemui.usb.HwUsbDebuggingActivity}} token= android.os.BinderProxy@9cf444f
05-12 13:10:39.028  1933  1933 I HwUsbManagerEx: construction
05-12 13:10:39.053  1961  1961 W ContextImpl: Calling a method in the system process without a qualified user: android.app.ContextImpl.sendBroadcast:1183 android.content.ContextWrapper.sendBroadcast:449 com.android.settings.HWSettings.onResume:266 android.app.Instrumentation.callActivityOnResume:1426 android.app.Activity.performResume:7663 
05-12 13:10:39.073  1933  1933 D ActivityThread: Remove activity client record, r= ActivityRecord{f6b2ce8 token=android.os.BinderProxy@9cf444f {com.android.systemui/com.android.systemui.usb.HwUsbDebuggingActivity}} token= android.os.BinderProxy@9cf444f
05-12 13:10:39.663  1294 14879 I chatty  : uid=1000(system) Binder:1294_1D expire 10 lines
05-12 13:10:46.380  1294  1624 I chatty  : uid=1000(system) UEventObserver expire 12 lines
05-12 13:10:46.487  1294  1546 I chatty  : uid=1000(system) PackageManager expire 13 lines
05-12 13:10:47.237  1294 14966 I chatty  : uid=1000(system) Binder:1294_1F expire 21 lines
05-12 13:10:47.244 13805 13805 I HwNetworkPolicyManager: removeHwUidPolicy uid = 10137 policy = -1 opPackageName = com.huawei.systemmanager
05-12 13:10:47.255  1294  1509 I chatty  : uid=1000(system) ActivityManager expire 11 lines
05-12 13:10:47.264  1961  1961 W ContextImpl: Calling a method in the system process without a qualified user: android.app.ContextImpl.startService:1771 android.content.ContextWrapper.startService:664 android.content.ContextWrapper.startService:664 com.android.settings.applications.BlackListReceiver.onReceive:50 android.app.ActivityThread.handleReceiver:4018 
05-12 13:10:47.266  1294  9982 I chatty  : uid=1000(system) Binder:1294_15 expire 21 lines
05-12 13:10:47.274 13805 13940 W ContextImpl: Calling a method in the system process without a qualified user: android.app.ContextImpl.startService:1771 android.content.ContextWrapper.startService:664 com.huawei.systemmanager.spacecleanner.receiver.SpaceCleanReceiver.checkRarelyUsedApp:98 com.huawei.systemmanager.spacecleanner.receiver.SpaceCleanReceiver.doInBackground:46 java.lang.reflect.Method.invoke:-2 
05-12 13:10:47.321 13941 13941 W ContextImpl: Calling a method in the system process without a qualified user: android.app.ContextImpl.startService:1771 android.content.ContextWrapper.startService:664 android.content.ContextWrapper.startService:664 com.huawei.systemmanager.antivirus.utils.AntiVirusTools.checkVirusForNewInstalledApk:728 com.huawei.systemmanager.antivirus.AntiVirusReceiver.onReceive:42 
05-12 13:10:47.322  1294  1975 I chatty  : uid=1000(system) Binder:1294_5 expire 42 lines
05-12 13:10:47.324 13805 13805 W ContextImpl: Calling a method in the system process without a qualified user: android.app.ContextImpl.startService:1771 android.content.ContextWrapper.startService:664 com.huawei.systemmanager.antivirus.AntiVirusService.handleInstalledApkCheck:391 com.huawei.systemmanager.antivirus.AntiVirusService.onStartCommand:296 android.app.ActivityThread.handleServiceArgs:4316 
05-12 13:10:47.338 13941 13972 W ContextImpl: Calling a method in the system process without a qualified user: android.app.ContextImpl.startService:1771 android.content.ContextWrapper.startService:664 com.huawei.systemmanager.rainbow.client.background.broadcast.SecurityBroadcastReceiver.doInBackground:103 java.lang.reflect.Method.invoke:-2 com.huawei.library.component.HsmIntentService$Work.reflectTargetReceiver:228 
05-12 13:10:47.365  1294  1294 I chatty  : uid=1000 system_server expire 15 lines
05-12 13:10:47.384 17918 18667 W ContextImpl: Calling a method in the system process without a qualified user: android.app.ContextImpl.bindService:1851 android.content.ContextWrapper.bindService:698 com.qihoo.qvssdk.AntivirusEngineImpl.install:85 com.qihoo.qvssdk.AntivirusProviderImpl.install:123 com.huawei.systemmanager.antivirus.newengine.AntivirusScanHelper$ScanTask.call:58 
05-12 13:10:47.475  1294 18684 I chatty  : uid=1000 system_server expire 5 lines
05-12 13:10:47.704   540   551 D vold    : Remounting 10137 as mode read
05-12 13:10:47.781   540   551 D vold    : Remounting 10137 as mode write
05-12 13:10:48.127  1294  2049 I chatty  : uid=1000(system) MultiTaskManage expire 11 lines
05-12 13:10:48.146 18735 18735 D ActivityThread: Attach thread to application
05-12 13:10:48.777  1294  1507 I chatty  : uid=1000(system) HwActivityManag expire 10 lines
05-12 13:10:48.778  1294  1511 I chatty  : uid=1000(system) android.ui expire 63 lines
05-12 13:10:48.787  1294  1607 I chatty  : uid=1000(system) android.anim expire 24 lines
05-12 13:10:48.791  1294 13197 I chatty  : uid=1000(system) Binder:1294_1B expire 18 lines
05-12 13:10:48.793  1294  1446 I chatty  : uid=1000(system) Binder:1294_1 expire 11 lines
05-12 13:10:48.794 18735 18735 V ActivityThread: callActivityOnCreate
05-12 13:10:48.802  1294 18773 I chatty  : uid=1000 system_server expire 1 line
05-12 13:10:48.804 13805 13845 I HwNetworkPolicyManager: getHwUidPolicy uid = 10137 policy = 0
05-12 13:10:48.811 18735 18735 D ActivityThread: add activity client record, r= ActivityRecord{ccf5a91 token=android.os.BinderProxy@c0286c3 {com.huawei.hisuite/com.huawei.hisuite.activity.MainActivity}} token= android.os.BinderProxy@c0286c3
05-12 13:10:48.819 18774 18774 D ActivityThread: Attach thread to application
05-12 13:10:48.830  2073  2073 I chatty  : uid=1000(system) com.huawei.systemserver expire 20 lines
05-12 13:10:48.837  1294 18793 I chatty  : uid=1000 system_server expire 1 line
05-12 13:10:49.235  2073  3899 I chatty  : uid=1000(system) Binder:2073_7 expire 12 lines
05-12 13:10:50.094 18735 18735 V ActivityThread: callActivityOnCreate
05-12 13:10:50.117 18735 18735 D ActivityThread: add activity client record, r= ActivityRecord{7e05754 token=android.os.BinderProxy@3cdef5 {com.huawei.hisuite/com.huawei.hisuite.activity.ConnectActivity}} token= android.os.BinderProxy@3cdef5
05-12 13:10:50.123  1294  4388 I chatty  : uid=1000(system) Binder:1294_F expire 25 lines
05-12 13:10:50.390 18735 18735 D ActivityThread: Remove activity client record, r= ActivityRecord{ccf5a91 token=android.os.BinderProxy@c0286c3 {com.huawei.hisuite/com.huawei.hisuite.activity.MainActivity}} token= android.os.BinderProxy@c0286c3
05-12 13:10:52.679  1294  2618 I chatty  : uid=1000(system) Binder:1294_A expire 13 lines
05-12 13:10:58.099 18887 18887 D ActivityThread: Attach thread to application
05-12 13:10:58.211  4672 17638 W SettingsEx: SettingsEx.Systemex.getInt deprecated use Settings.System.getInt instead ;callers=com.huawei.recsys.util.SystemUtil.getNotificationUpdateMode:283 com.huawei.recsys.util.SystemUtil.isAllowUpdate:187 com.huawei.recsys.controller.notification.http.NotificationUpdateController.startNotificationUpdate:89 
05-12 13:10:58.240  1294 18910 I chatty  : uid=1000 system_server expire 5 lines
05-12 13:10:58.515  1294  1294 I chatty  : uid=1000 system_server expire 23 lines
05-12 13:11:03.973  1294  1716 I chatty  : uid=1000(system) InputDispatcher expire 13 lines
05-12 13:11:04.023  1294  1535 I chatty  : uid=1000(system) HwGameAssistant expire 10 lines
05-12 13:11:04.049  1294  1505 I chatty  : uid=1000(system) android.bg expire 12 lines
05-12 13:11:04.058 13805 13845 I HwNetworkPolicyManager: getHwUidPolicy uid = 10069 policy = 0
