--------- beginning of crash
05-11 20:43:23.769  2417  2417 E AndroidRuntime: FATAL EXCEPTION: main
05-11 20:43:23.769  2417  2417 E AndroidRuntime: Process: com.huawei.phoneservice, PID: 2417
05-11 20:43:23.769  2417  2417 E AndroidRuntime: java.lang.RuntimeException: Unable to get provider com.huawei.phoneservice.oobe.OobePrivacyProvider: android.database.sqlite.SQLiteCantOpenDatabaseException: unknown error (Sqlite code 14 SQLITE_CANTOPEN): Could not open database, (OS error - 2:No such file or directory)
05-11 20:43:23.769  2417  2417 E AndroidRuntime: 	at android.app.ActivityThread.installProvider(ActivityThread.java:7257)
05-11 20:43:23.769  2417  2417 E AndroidRuntime: 	at android.app.ActivityThread.installContentProviders(ActivityThread.java:6792)
05-11 20:43:23.769  2417  2417 E AndroidRuntime: 	at android.app.ActivityThread.handleBindApplication(ActivityThread.java:6685)
05-11 20:43:23.769  2417  2417 E AndroidRuntime: 	at android.app.ActivityThread.access$2000(ActivityThread.java:259)
05-11 20:43:23.769  2417  2417 E AndroidRuntime: 	at android.app.ActivityThread$H.handleMessage(ActivityThread.java:2028)
05-11 20:43:23.769  2417  2417 E AndroidRuntime: 	at android.os.Handler.dispatchMessage(Handler.java:112)
05-11 20:43:23.769  2417  2417 E AndroidRuntime: 	at android.os.Looper.loop(Looper.java:216)
05-11 20:43:23.769  2417  2417 E AndroidRuntime: 	at android.app.ActivityThread.main(ActivityThread.java:7586)
05-11 20:43:23.769  2417  2417 E AndroidRuntime: 	at java.lang.reflect.Method.invoke(Native Method)
05-11 20:43:23.769  2417  2417 E AndroidRuntime: 	at com.android.internal.os.RuntimeInit$MethodAndArgsCaller.run(RuntimeInit.java:524)
05-11 20:43:23.769  2417  2417 E AndroidRuntime: 	at com.android.internal.os.ZygoteInit.main(ZygoteInit.java:1034)
05-11 20:43:23.769  2417  2417 E AndroidRuntime: Caused by: android.database.sqlite.SQLiteCantOpenDatabaseException: unknown error (Sqlite code 14 SQLITE_CANTOPEN): Could not open database, (OS error - 2:No such file or directory)
05-11 20:43:23.769  2417  2417 E AndroidRuntime: 	at android.database.sqlite.SQLiteConnection.nativeOpen(Native Method)
05-11 20:43:23.769  2417  2417 E AndroidRuntime: 	at android.database.sqlite.SQLiteConnection.open(SQLiteConnection.java:226)
05-11 20:43:23.769  2417  2417 E AndroidRuntime: 	at android.database.sqlite.SQLiteConnection.open(SQLiteConnection.java:210)
05-11 20:43:23.769  2417  2417 E AndroidRuntime: 	at android.database.sqlite.SQLiteConnectionPool.openConnectionLocked(SQLiteConnectionPool.java:552)
05-11 20:43:23.769  2417  2417 E AndroidRuntime: 	at android.database.sqlite.SQLiteConnectionPool.open(SQLiteConnectionPool.java:213)
05-11 20:43:23.769  2417  2417 E AndroidRuntime: 	at android.database.sqlite.SQLiteConnectionPool.open(SQLiteConnectionPool.java:202)
05-11 20:43:23.769  2417  2417 E AndroidRuntime: 	at android.database.sqlite.SQLiteDatabase.openInner(SQLiteDatabase.java:958)
05-11 20:43:23.769  2417  2417 E AndroidRuntime: 	at android.database.sqlite.SQLiteDatabase.open(SQLiteDatabase.java:942)
05-11 20:43:23.769  2417  2417 E AndroidRuntime: 	at android.database.sqlite.SQLiteDatabase.openDatabase(SQLiteDatabase.java:816)
05-11 20:43:23.769  2417  2417 E AndroidRuntime: 	at android.database.sqlite.SQLiteDatabase.openDatabase(SQLiteDatabase.java:806)
05-11 20:43:23.769  2417  2417 E AndroidRuntime: 	at android.database.sqlite.SQLiteOpenHelper.getDatabaseLocked(SQLiteOpenHelper.java:370)
05-11 20:43:23.769  2417  2417 E AndroidRuntime: 	at android.database.sqlite.SQLiteOpenHelper.getWritableDatabase(SQLiteOpenHelper.java:313)
05-11 20:43:23.769  2417  2417 E AndroidRuntime: 	at com.huawei.phoneservice.connection.db.SmartDatabaseHelper.b(Unknown Source:9)
05-11 20:43:23.769  2417  2417 E AndroidRuntime: 	at com.huawei.phoneservice.oobe.OobePrivacyProvider.onCreate(Unknown Source:4)
05-11 20:43:23.769  2417  2417 E AndroidRuntime: 	at android.content.ContentProvider.attachInfo(ContentProvider.java:1949)
05-11 20:43:23.769  2417  2417 E AndroidRuntime: 	at android.content.ContentProvider.attachInfo(ContentProvider.java:1923)
05-11 20:43:23.769  2417  2417 E AndroidRuntime: 	at android.app.ActivityThread.installProvider(ActivityThread.java:7252)
05-11 20:43:23.769  2417  2417 E AndroidRuntime: 	... 10 more
05-11 20:43:23.902  2465  2465 E AndroidRuntime: FATAL EXCEPTION: main
05-11 20:43:23.902  2465  2465 E AndroidRuntime: Process: com.huawei.phoneservice, PID: 2465
05-11 20:43:23.902  2465  2465 E AndroidRuntime: java.lang.RuntimeException: Unable to get provider com.huawei.phoneservice.oobe.OobePrivacyProvider: android.database.sqlite.SQLiteCantOpenDatabaseException: unknown error (Sqlite code 14 SQLITE_CANTOPEN): Could not open database, (OS error - 2:No such file or directory)
05-11 20:43:23.902  2465  2465 E AndroidRuntime: 	at android.app.ActivityThread.installProvider(ActivityThread.java:7257)
05-11 20:43:23.902  2465  2465 E AndroidRuntime: 	at android.app.ActivityThread.installContentProviders(ActivityThread.java:6792)
05-11 20:43:23.902  2465  2465 E AndroidRuntime: 	at android.app.ActivityThread.handleBindApplication(ActivityThread.java:6685)
05-11 20:43:23.902  2465  2465 E AndroidRuntime: 	at android.app.ActivityThread.access$2000(ActivityThread.java:259)
05-11 20:43:23.902  2465  2465 E AndroidRuntime: 	at android.app.ActivityThread$H.handleMessage(ActivityThread.java:2028)
05-11 20:43:23.902  2465  2465 E AndroidRuntime: 	at android.os.Handler.dispatchMessage(Handler.java:112)
05-11 20:43:23.902  2465  2465 E AndroidRuntime: 	at android.os.Looper.loop(Looper.java:216)
05-11 20:43:23.902  2465  2465 E AndroidRuntime: 	at android.app.ActivityThread.main(ActivityThread.java:7586)
05-11 20:43:23.902  2465  2465 E AndroidRuntime: 	at java.lang.reflect.Method.invoke(Native Method)
05-11 20:43:23.902  2465  2465 E AndroidRuntime: 	at com.android.internal.os.RuntimeInit$MethodAndArgsCaller.run(RuntimeInit.java:524)
05-11 20:43:23.902  2465  2465 E AndroidRuntime: 	at com.android.internal.os.ZygoteInit.main(ZygoteInit.java:1034)
05-11 20:43:23.902  2465  2465 E AndroidRuntime: Caused by: android.database.sqlite.SQLiteCantOpenDatabaseException: unknown error (Sqlite code 14 SQLITE_CANTOPEN): Could not open database, (OS error - 2:No such file or directory)
05-11 20:43:23.902  2465  2465 E AndroidRuntime: 	at android.database.sqlite.SQLiteConnection.nativeOpen(Native Method)
05-11 20:43:23.902  2465  2465 E AndroidRuntime: 	at android.database.sqlite.SQLiteConnection.open(SQLiteConnection.java:226)
05-11 20:43:23.902  2465  2465 E AndroidRuntime: 	at android.database.sqlite.SQLiteConnection.open(SQLiteConnection.java:210)
05-11 20:43:23.902  2465  2465 E AndroidRuntime: 	at android.database.sqlite.SQLiteConnectionPool.openConnectionLocked(SQLiteConnectionPool.java:552)
05-11 20:43:23.902  2465  2465 E AndroidRuntime: 	at android.database.sqlite.SQLiteConnectionPool.open(SQLiteConnectionPool.java:213)
05-11 20:43:23.902  2465  2465 E AndroidRuntime: 	at android.database.sqlite.SQLiteConnectionPool.open(SQLiteConnectionPool.java:202)
05-11 20:43:23.902  2465  2465 E AndroidRuntime: 	at android.database.sqlite.SQLiteDatabase.openInner(SQLiteDatabase.java:958)
05-11 20:43:23.902  2465  2465 E AndroidRuntime: 	at android.database.sqlite.SQLiteDatabase.open(SQLiteDatabase.java:942)
05-11 20:43:23.902  2465  2465 E AndroidRuntime: 	at android.database.sqlite.SQLiteDatabase.openDatabase(SQLiteDatabase.java:816)
05-11 20:43:23.902  2465  2465 E AndroidRuntime: 	at android.database.sqlite.SQLiteDatabase.openDatabase(SQLiteDatabase.java:806)
05-11 20:43:23.902  2465  2465 E AndroidRuntime: 	at android.database.sqlite.SQLiteOpenHelper.getDatabaseLocked(SQLiteOpenHelper.java:370)
05-11 20:43:23.902  2465  2465 E AndroidRuntime: 	at android.database.sqlite.SQLiteOpenHelper.getWritableDatabase(SQLiteOpenHelper.java:313)
05-11 20:43:23.902  2465  2465 E AndroidRuntime: 	at com.huawei.phoneservice.connection.db.SmartDatabaseHelper.b(Unknown Source:9)
05-11 20:43:23.902  2465  2465 E AndroidRuntime: 	at com.huawei.phoneservice.oobe.OobePrivacyProvider.onCreate(Unknown Source:4)
05-11 20:43:23.902  2465  2465 E AndroidRuntime: 	at android.content.ContentProvider.attachInfo(ContentProvider.java:1949)
05-11 20:43:23.902  2465  2465 E AndroidRuntime: 	at android.content.ContentProvider.attachInfo(ContentProvider.java:1923)
05-11 20:43:23.902  2465  2465 E AndroidRuntime: 	at android.app.ActivityThread.installProvider(ActivityThread.java:7252)
05-11 20:43:23.902  2465  2465 E AndroidRuntime: 	... 10 more
05-11 20:43:24.081  2513  2513 E AndroidRuntime: FATAL EXCEPTION: main
05-11 20:43:24.081  2513  2513 E AndroidRuntime: Process: com.huawei.phoneservice, PID: 2513
05-11 20:43:24.081  2513  2513 E AndroidRuntime: java.lang.RuntimeException: Unable to get provider com.huawei.phoneservice.oobe.OobePrivacyProvider: android.database.sqlite.SQLiteCantOpenDatabaseException: unknown error (Sqlite code 14 SQLITE_CANTOPEN): Could not open database, (OS error - 2:No such file or directory)
05-11 20:43:24.081  2513  2513 E AndroidRuntime: 	at android.app.ActivityThread.installProvider(ActivityThread.java:7257)
05-11 20:43:24.081  2513  2513 E AndroidRuntime: 	at android.app.ActivityThread.installContentProviders(ActivityThread.java:6792)
05-11 20:43:24.081  2513  2513 E AndroidRuntime: 	at android.app.ActivityThread.handleBindApplication(ActivityThread.java:6685)
05-11 20:43:24.081  2513  2513 E AndroidRuntime: 	at android.app.ActivityThread.access$2000(ActivityThread.java:259)
05-11 20:43:24.081  2513  2513 E AndroidRuntime: 	at android.app.ActivityThread$H.handleMessage(ActivityThread.java:2028)
05-11 20:43:24.081  2513  2513 E AndroidRuntime: 	at android.os.Handler.dispatchMessage(Handler.java:112)
05-11 20:43:24.081  2513  2513 E AndroidRuntime: 	at android.os.Looper.loop(Looper.java:216)
05-11 20:43:24.081  2513  2513 E AndroidRuntime: 	at android.app.ActivityThread.main(ActivityThread.java:7586)
05-11 20:43:24.081  2513  2513 E AndroidRuntime: 	at java.lang.reflect.Method.invoke(Native Method)
05-11 20:43:24.081  2513  2513 E AndroidRuntime: 	at com.android.internal.os.RuntimeInit$MethodAndArgsCaller.run(RuntimeInit.java:524)
05-11 20:43:24.081  2513  2513 E AndroidRuntime: 	at com.android.internal.os.ZygoteInit.main(ZygoteInit.java:1034)
05-11 20:43:24.081  2513  2513 E AndroidRuntime: Caused by: android.database.sqlite.SQLiteCantOpenDatabaseException: unknown error (Sqlite code 14 SQLITE_CANTOPEN): Could not open database, (OS error - 2:No such file or directory)
05-11 20:43:24.081  2513  2513 E AndroidRuntime: 	at android.database.sqlite.SQLiteConnection.nativeOpen(Native Method)
05-11 20:43:24.081  2513  2513 E AndroidRuntime: 	at android.database.sqlite.SQLiteConnection.open(SQLiteConnection.java:226)
05-11 20:43:24.081  2513  2513 E AndroidRuntime: 	at android.database.sqlite.SQLiteConnection.open(SQLiteConnection.java:210)
05-11 20:43:24.081  2513  2513 E AndroidRuntime: 	at android.database.sqlite.SQLiteConnectionPool.openConnectionLocked(SQLiteConnectionPool.java:552)
05-11 20:43:24.081  2513  2513 E AndroidRuntime: 	at android.database.sqlite.SQLiteConnectionPool.open(SQLiteConnectionPool.java:213)
05-11 20:43:24.081  2513  2513 E AndroidRuntime: 	at android.database.sqlite.SQLiteConnectionPool.open(SQLiteConnectionPool.java:202)
05-11 20:43:24.081  2513  2513 E AndroidRuntime: 	at android.database.sqlite.SQLiteDatabase.openInner(SQLiteDatabase.java:958)
05-11 20:43:24.081  2513  2513 E AndroidRuntime: 	at android.database.sqlite.SQLiteDatabase.open(SQLiteDatabase.java:942)
05-11 20:43:24.081  2513  2513 E AndroidRuntime: 	at android.database.sqlite.SQLiteDatabase.openDatabase(SQLiteDatabase.java:816)
05-11 20:43:24.081  2513  2513 E AndroidRuntime: 	at android.database.sqlite.SQLiteDatabase.openDatabase(SQLiteDatabase.java:806)
05-11 20:43:24.081  2513  2513 E AndroidRuntime: 	at android.database.sqlite.SQLiteOpenHelper.getDatabaseLocked(SQLiteOpenHelper.java:370)
05-11 20:43:24.081  2513  2513 E AndroidRuntime: 	at android.database.sqlite.SQLiteOpenHelper.getWritableDatabase(SQLiteOpenHelper.java:313)
05-11 20:43:24.081  2513  2513 E AndroidRuntime: 	at com.huawei.phoneservice.connection.db.SmartDatabaseHelper.b(Unknown Source:9)
05-11 20:43:24.081  2513  2513 E AndroidRuntime: 	at com.huawei.phoneservice.oobe.OobePrivacyProvider.onCreate(Unknown Source:4)
05-11 20:43:24.081  2513  2513 E AndroidRuntime: 	at android.content.ContentProvider.attachInfo(ContentProvider.java:1949)
05-11 20:43:24.081  2513  2513 E AndroidRuntime: 	at android.content.ContentProvider.attachInfo(ContentProvider.java:1923)
05-11 20:43:24.081  2513  2513 E AndroidRuntime: 	at android.app.ActivityThread.installProvider(ActivityThread.java:7252)
05-11 20:43:24.081  2513  2513 E AndroidRuntime: 	... 10 more
--------- beginning of system
05-11 23:01:22.610 15552 15552 D ActivityThread: Attach thread to application
05-11 23:01:22.610 14510 14651 W ContextImpl: Calling a method in the system process without a qualified user: android.app.ContextImpl.bindService:1851 android.content.ContextWrapper.bindService:698 com.qihoo.qvssdk.AntivirusEngineImpl.install:85 com.qihoo.qvssdk.AntivirusProviderImpl.install:123 com.huawei.systemmanager.antivirus.newengine.AntivirusScanHelper$ScanTask.call:58 
05-11 23:01:22.729   614   744 W SocketListener: sending broadcast to Pid = 1294, Uid = 1000 
05-11 23:01:24.730   614   744 W SocketListener: sending broadcast to Pid = 1294, Uid = 1000 
05-11 23:01:25.629  1294  1546 I chatty  : uid=1000(system) PackageManager expire 32 lines
05-11 23:01:25.640  1294  1767 I chatty  : uid=1000(system) NetdConnector expire 28 lines
05-11 23:01:25.659  2073  2073 I chatty  : uid=1000(system) com.huawei.systemserver expire 19 lines
05-11 23:01:25.680  1294  1294 I chatty  : uid=1000 system_server expire 32 lines
05-11 23:01:25.727 13805 13979 W ContextImpl: Calling a method in the system process without a qualified user: android.app.ContextImpl.startService:1771 android.content.ContextWrapper.startService:664 com.huawei.systemmanager.spacecleanner.receiver.SpaceCleanReceiver.checkRarelyUsedApp:98 com.huawei.systemmanager.spacecleanner.receiver.SpaceCleanReceiver.doInBackground:46 java.lang.reflect.Method.invoke:-2 
05-11 23:01:25.729 13805 13903 W ContextImpl: Calling a method in the system process without a qualified user: android.app.ContextImpl.startService:1771 android.content.ContextWrapper.startService:664 com.huawei.systemmanager.spacecleanner.receiver.SpaceCleanReceiver.checkRarelyUsedApp:98 com.huawei.systemmanager.spacecleanner.receiver.SpaceCleanReceiver.doInBackground:46 java.lang.reflect.Method.invoke:-2 
05-11 23:01:25.848  1294 14889 I chatty  : uid=1000(system) Binder:1294_1E expire 13 lines
05-11 23:01:25.879 15616 15616 D ActivityThread: Attach thread to application
05-11 23:01:25.920 13805 13805 W ContextImpl: Calling a method in the system process without a qualified user: android.app.ContextImpl.startService:1771 android.content.ContextWrapper.startService:664 com.huawei.systemmanager.antivirus.AntiVirusService.handleInstalledApkCheck:391 com.huawei.systemmanager.antivirus.AntiVirusService.onStartCommand:296 android.app.ActivityThread.handleServiceArgs:4316 
05-11 23:01:25.973 14510 14544 W ContextImpl: Calling a method in the system process without a qualified user: android.app.ContextImpl.bindService:1851 android.content.ContextWrapper.bindService:698 com.qihoo.qvssdk.AntivirusEngineImpl.install:85 com.qihoo.qvssdk.AntivirusProviderImpl.install:123 com.huawei.systemmanager.antivirus.newengine.AntivirusScanHelper$ScanTask.call:58 
05-11 23:01:26.737   614   744 W SocketListener: sending broadcast to Pid = 1294, Uid = 1000 
05-11 23:01:26.739  1294  1532 I chatty  : uid=1000(system) android.fg expire 10 lines
05-11 23:01:26.741  1294  1777 I chatty  : uid=1000(system) NetworkStats expire 25 lines
05-11 23:01:26.832  1294  1509 I chatty  : uid=1000(system) ActivityManager expire 11 lines
05-11 23:01:29.059   614   744 W SocketListener: sending broadcast to Pid = 1294, Uid = 1000 
05-11 23:01:30.122 13805 13930 W ContextImpl: Calling a method in the system process without a qualified user: android.app.ContextImpl.startService:1771 android.content.ContextWrapper.startService:664 com.huawei.systemmanager.spacecleanner.receiver.SpaceCleanReceiver.checkRarelyUsedApp:98 com.huawei.systemmanager.spacecleanner.receiver.SpaceCleanReceiver.doInBackground:46 java.lang.reflect.Method.invoke:-2 
05-11 23:01:30.122 13805 13903 W ContextImpl: Calling a method in the system process without a qualified user: android.app.ContextImpl.startService:1771 android.content.ContextWrapper.startService:664 com.huawei.systemmanager.spacecleanner.receiver.SpaceCleanReceiver.checkRarelyUsedApp:98 com.huawei.systemmanager.spacecleanner.receiver.SpaceCleanReceiver.doInBackground:46 java.lang.reflect.Method.invoke:-2 
05-11 23:01:30.188  1294  1505 I chatty  : uid=1000(system) android.bg expire 20 lines
05-11 23:01:30.260 13941 13941 I chatty  : uid=1000(system) com.huawei.systemmanager expire 8 lines
05-11 23:01:30.272  1294  1975 I chatty  : uid=1000(system) Binder:1294_5 expire 10 lines
05-11 23:01:30.333 13805 13805 W ContextImpl: Calling a method in the system process without a qualified user: android.app.ContextImpl.startService:1771 android.content.ContextWrapper.startService:664 com.huawei.systemmanager.antivirus.AntiVirusService.handleInstalledApkCheck:391 com.huawei.systemmanager.antivirus.AntiVirusService.onStartCommand:296 android.app.ActivityThread.handleServiceArgs:4316 
05-11 23:01:30.336  1294 14966 I chatty  : uid=1000(system) Binder:1294_1F expire 16 lines
05-11 23:01:30.344 14510 14547 W ContextImpl: Calling a method in the system process without a qualified user: android.app.ContextImpl.bindService:1851 android.content.ContextWrapper.bindService:698 com.qihoo.qvssdk.AntivirusEngineImpl.install:85 com.qihoo.qvssdk.AntivirusProviderImpl.install:123 com.huawei.systemmanager.antivirus.newengine.AntivirusScanHelper$ScanTask.call:58 
05-11 23:01:30.358  1294  2618 I chatty  : uid=1000(system) Binder:1294_A expire 18 lines
05-11 23:01:30.370  1294  2203 I chatty  : uid=1000(system) Binder:1294_7 expire 15 lines
05-11 23:01:30.398  1961  1961 W ContextImpl: Calling a method in the system process without a qualified user: android.app.ContextImpl.startService:1771 android.content.ContextWrapper.startService:664 android.content.ContextWrapper.startService:664 com.android.settings.applications.BlackListReceiver.onReceive:50 android.app.ActivityThread.handleReceiver:4018 
05-11 23:01:31.429   614   744 W SocketListener: sending broadcast to Pid = 1294, Uid = 1000 
05-11 23:01:34.022   614   744 W SocketListener: sending broadcast to Pid = 1294, Uid = 1000 
05-11 23:01:36.030   614   744 W SocketListener: sending broadcast to Pid = 1294, Uid = 1000 
05-11 23:01:36.031  1294  1767 I chatty  : uid=1000(system) NetdConnector expire 26 lines
05-11 23:01:36.856  1294  1546 I chatty  : uid=1000(system) PackageManager expire 34 lines
05-11 23:01:36.892  2073  2231 I chatty  : uid=1000(system) HwCommBoosterTh expire 48 lines
05-11 23:01:36.901  2073  2073 I chatty  : uid=1000(system) com.huawei.systemserver expire 24 lines
05-11 23:01:36.923  1294  1294 I chatty  : uid=1000 system_server expire 48 lines
05-11 23:01:36.964  1961  1961 W ContextImpl: Calling a method in the system process without a qualified user: android.app.ContextImpl.startService:1771 android.content.ContextWrapper.startService:664 android.content.ContextWrapper.startService:664 com.android.settings.applications.BlackListReceiver.onReceive:50 android.app.ActivityThread.handleReceiver:4018 
05-11 23:01:36.987 13805 13930 W ContextImpl: Calling a method in the system process without a qualified user: android.app.ContextImpl.startService:1771 android.content.ContextWrapper.startService:664 com.huawei.systemmanager.spacecleanner.receiver.SpaceCleanReceiver.checkRarelyUsedApp:98 com.huawei.systemmanager.spacecleanner.receiver.SpaceCleanReceiver.doInBackground:46 java.lang.reflect.Method.invoke:-2 
05-11 23:01:36.988 13805 13940 W ContextImpl: Calling a method in the system process without a qualified user: android.app.ContextImpl.startService:1771 android.content.ContextWrapper.startService:664 com.huawei.systemmanager.spacecleanner.receiver.SpaceCleanReceiver.checkRarelyUsedApp:98 com.huawei.systemmanager.spacecleanner.receiver.SpaceCleanReceiver.doInBackground:46 java.lang.reflect.Method.invoke:-2 
05-11 23:01:37.064  1294  1448 I chatty  : uid=1000(system) Binder:1294_2 expire 21 lines
05-11 23:01:37.074  1294 14879 I chatty  : uid=1000(system) Binder:1294_1D expire 10 lines
05-11 23:01:37.087  1961  1961 W ContextImpl: Calling a method in the system process without a qualified user: android.app.ContextImpl.startService:1771 android.content.ContextWrapper.startService:664 android.content.ContextWrapper.startService:664 com.android.settings.applications.BlackListReceiver.onReceive:50 android.app.ActivityThread.handleReceiver:4018 
05-11 23:01:37.196 13805 13805 W ContextImpl: Calling a method in the system process without a qualified user: android.app.ContextImpl.startService:1771 android.content.ContextWrapper.startService:664 com.huawei.systemmanager.antivirus.AntiVirusService.handleInstalledApkCheck:391 com.huawei.systemmanager.antivirus.AntiVirusService.onStartCommand:296 android.app.ActivityThread.handleServiceArgs:4316 
05-11 23:01:37.210 14510 14544 W ContextImpl: Calling a method in the system process without a qualified user: android.app.ContextImpl.bindService:1851 android.content.ContextWrapper.bindService:698 com.qihoo.qvssdk.AntivirusEngineImpl.install:85 com.qihoo.qvssdk.AntivirusProviderImpl.install:123 com.huawei.systemmanager.antivirus.newengine.AntivirusScanHelper$ScanTask.call:58 
05-11 23:01:37.258  1961  1961 W ContextImpl: Calling a method in the system process without a qualified user: android.app.ContextImpl.startService:1771 android.content.ContextWrapper.startService:664 android.content.ContextWrapper.startService:664 com.android.settings.applications.BlackListReceiver.onReceive:50 android.app.ActivityThread.handleReceiver:4018 
05-11 23:01:38.077   614   744 W SocketListener: sending broadcast to Pid = 1294, Uid = 1000 
05-11 23:01:38.082  1294  1532 I chatty  : uid=1000(system) android.fg expire 10 lines
05-11 23:01:38.084  1294  1777 I chatty  : uid=1000(system) NetworkStats expire 25 lines
05-11 23:01:38.105  1294 12760 I chatty  : uid=1000(system) Binder:1294_1A expire 20 lines
05-11 23:01:38.770  1294  9613 I chatty  : uid=1000(system) Binder:1294_14 expire 17 lines
05-11 23:01:38.822  1961  1961 W ContextImpl: Calling a method in the system process without a qualified user: android.app.ContextImpl.startService:1771 android.content.ContextWrapper.startService:664 android.content.ContextWrapper.startService:664 com.android.settings.applications.BlackListReceiver.onReceive:50 android.app.ActivityThread.handleReceiver:4018 
05-11 23:01:38.841 13805 13940 W ContextImpl: Calling a method in the system process without a qualified user: android.app.ContextImpl.startService:1771 android.content.ContextWrapper.startService:664 com.huawei.systemmanager.spacecleanner.receiver.SpaceCleanReceiver.checkRarelyUsedApp:98 com.huawei.systemmanager.spacecleanner.receiver.SpaceCleanReceiver.doInBackground:46 java.lang.reflect.Method.invoke:-2 
05-11 23:01:38.843 13805 13939 W ContextImpl: Calling a method in the system process without a qualified user: android.app.ContextImpl.startService:1771 android.content.ContextWrapper.startService:664 com.huawei.systemmanager.spacecleanner.receiver.SpaceCleanReceiver.checkRarelyUsedApp:98 com.huawei.systemmanager.spacecleanner.receiver.SpaceCleanReceiver.doInBackground:46 java.lang.reflect.Method.invoke:-2 
05-11 23:01:38.874  1294  2725 I chatty  : uid=1000(system) Binder:1294_E expire 10 lines
05-11 23:01:38.944  1961  1961 W ContextImpl: Calling a method in the system process without a qualified user: android.app.ContextImpl.startService:1771 android.content.ContextWrapper.startService:664 android.content.ContextWrapper.startService:664 com.android.settings.applications.BlackListReceiver.onReceive:50 android.app.ActivityThread.handleReceiver:4018 
05-11 23:01:39.011 13805 13805 W ContextImpl: Calling a method in the system process without a qualified user: android.app.ContextImpl.startService:1771 android.content.ContextWrapper.startService:664 com.huawei.systemmanager.antivirus.AntiVirusService.handleInstalledApkCheck:391 com.huawei.systemmanager.antivirus.AntiVirusService.onStartCommand:296 android.app.ActivityThread.handleServiceArgs:4316 
05-11 23:01:39.065  1961  1961 W ContextImpl: Calling a method in the system process without a qualified user: android.app.ContextImpl.startService:1771 android.content.ContextWrapper.startService:664 android.content.ContextWrapper.startService:664 com.android.settings.applications.BlackListReceiver.onReceive:50 android.app.ActivityThread.handleReceiver:4018 
05-11 23:01:40.077   614   744 W SocketListener: sending broadcast to Pid = 1294, Uid = 1000 
05-11 23:01:40.771 14510 14547 W ContextImpl: Calling a method in the system process without a qualified user: android.app.ContextImpl.bindService:1851 android.content.ContextWrapper.bindService:698 com.qihoo.qvssdk.AntivirusEngineImpl.install:85 com.qihoo.qvssdk.AntivirusProviderImpl.install:123 com.huawei.systemmanager.antivirus.newengine.AntivirusScanHelper$ScanTask.call:58 
05-11 23:01:41.629   786   982 I storaged: storaged_t::event: storage_info refreshed.
05-11 23:01:42.081   614   744 W SocketListener: sending broadcast to Pid = 1294, Uid = 1000 
05-11 23:01:42.234  1961  1961 W ContextImpl: Calling a method in the system process without a qualified user: android.app.ContextImpl.startService:1771 android.content.ContextWrapper.startService:664 android.content.ContextWrapper.startService:664 com.android.settings.applications.BlackListReceiver.onReceive:50 android.app.ActivityThread.handleReceiver:4018 
05-11 23:01:42.262 13805 13939 W ContextImpl: Calling a method in the system process without a qualified user: android.app.ContextImpl.startService:1771 android.content.ContextWrapper.startService:664 com.huawei.systemmanager.spacecleanner.receiver.SpaceCleanReceiver.checkRarelyUsedApp:98 com.huawei.systemmanager.spacecleanner.receiver.SpaceCleanReceiver.doInBackground:46 java.lang.reflect.Method.invoke:-2 
05-11 23:01:42.262 13805 14000 W ContextImpl: Calling a method in the system process without a qualified user: android.app.ContextImpl.startService:1771 android.content.ContextWrapper.startService:664 com.huawei.systemmanager.spacecleanner.receiver.SpaceCleanReceiver.checkRarelyUsedApp:98 com.huawei.systemmanager.spacecleanner.receiver.SpaceCleanReceiver.doInBackground:46 java.lang.reflect.Method.invoke:-2 
05-11 23:01:42.363  1961  1961 W ContextImpl: Calling a method in the system process without a qualified user: android.app.ContextImpl.startService:1771 android.content.ContextWrapper.startService:664 android.content.ContextWrapper.startService:664 com.android.settings.applications.BlackListReceiver.onReceive:50 android.app.ActivityThread.handleReceiver:4018 
05-11 23:01:42.414 13805 13805 W ContextImpl: Calling a method in the system process without a qualified user: android.app.ContextImpl.startService:1771 android.content.ContextWrapper.startService:664 com.huawei.systemmanager.antivirus.AntiVirusService.handleInstalledApkCheck:391 com.huawei.systemmanager.antivirus.AntiVirusService.onStartCommand:296 android.app.ActivityThread.handleServiceArgs:4316 
05-11 23:01:42.434 14510 14544 W ContextImpl: Calling a method in the system process without a qualified user: android.app.ContextImpl.bindService:1851 android.content.ContextWrapper.bindService:698 com.qihoo.qvssdk.AntivirusEngineImpl.install:85 com.qihoo.qvssdk.AntivirusProviderImpl.install:123 com.huawei.systemmanager.antivirus.newengine.AntivirusScanHelper$ScanTask.call:58 
05-11 23:01:42.479  1961  1961 W ContextImpl: Calling a method in the system process without a qualified user: android.app.ContextImpl.startService:1771 android.content.ContextWrapper.startService:664 android.content.ContextWrapper.startService:664 com.android.settings.applications.BlackListReceiver.onReceive:50 android.app.ActivityThread.handleReceiver:4018 
05-11 23:01:44.085   614   744 W SocketListener: sending broadcast to Pid = 1294, Uid = 1000 
05-11 23:01:46.093   614   744 W SocketListener: sending broadcast to Pid = 1294, Uid = 1000 
05-11 23:01:46.095  1294  1767 I chatty  : uid=1000(system) NetdConnector expire 12 lines
05-11 23:02:20.638   614   744 W SocketListener: sending broadcast to Pid = 1294, Uid = 1000 
05-11 23:02:20.641  1294  1532 I chatty  : uid=1000(system) android.fg expire 16 lines
05-11 23:02:20.643  1294  1777 I chatty  : uid=1000(system) NetworkStats expire 14 lines
05-11 23:02:20.647  1294  1824 I chatty  : uid=1000(system) ConnectivitySer expire 16 lines
05-11 23:02:20.663  1294 14879 I chatty  : uid=1000(system) Binder:1294_1D expire 13 lines
05-11 23:02:20.667   614   742 W SocketListener: sending broadcast to Pid = 1294, Uid = 1000 
05-11 23:02:20.675   614   742 W SocketListener: sending broadcast to Pid = 1294, Uid = 1000 
05-11 23:02:20.791  5102  5102 D ActivityThread: Remove activity client record, r= ActivityRecord{81d3333 token=android.os.BinderProxy@dc36054 {com.huawei.appmarket/com.huawei.appmarket.MarketActivity}} token= android.os.BinderProxy@dc36054
05-11 23:02:21.305  1294  1546 I chatty  : uid=1000(system) PackageManager expire 12 lines
05-11 23:02:21.618  1294  1534 I chatty  : uid=1000(system) android.display expire 13 lines
05-11 23:02:22.526  1294  1505 I chatty  : uid=1000(system) android.bg expire 11 lines
05-11 23:02:45.660   614   742 W SocketListener: sending broadcast to Pid = 1294, Uid = 1000 
05-11 23:02:45.660  1294  1767 I chatty  : uid=1000(system) NetdConnector expire 18 lines
05-11 23:02:45.690   614   742 W SocketListener: sending broadcast to Pid = 1294, Uid = 1000 
05-11 23:02:46.670  1294  1907 I chatty  : uid=1000(system) LazyTaskWriterT expire 10 lines
05-11 23:02:48.945  1294 10656 I chatty  : uid=1000(system) Binder:1294_16 expire 19 lines
05-11 23:02:49.233  1294  2456 I chatty  : uid=1000(system) Binder:1294_9 expire 14 lines
05-11 23:02:50.278  1294  1546 I chatty  : uid=1000(system) PackageManager expire 16 lines
05-11 23:02:50.314  2073  2231 I chatty  : uid=1000(system) HwCommBoosterTh expire 16 lines
05-11 23:02:50.325  1961  1961 W ContextImpl: Calling a method in the system process without a qualified user: android.app.ContextImpl.startService:1771 android.content.ContextWrapper.startService:664 android.content.ContextWrapper.startService:664 com.android.settings.applications.BlackListReceiver.onReceive:50 android.app.ActivityThread.handleReceiver:4018 
05-11 23:02:50.326  2073  2073 I chatty  : uid=1000(system) com.huawei.systemserver expire 14 lines
05-11 23:02:50.331  1294  1294 I chatty  : uid=1000 system_server expire 30 lines
05-11 23:02:50.396  1294  1975 I chatty  : uid=1000(system) Binder:1294_5 expire 12 lines
05-11 23:02:50.397 13805 13939 W ContextImpl: Calling a method in the system process without a qualified user: android.app.ContextImpl.startService:1771 android.content.ContextWrapper.startService:664 com.huawei.systemmanager.spacecleanner.receiver.SpaceCleanReceiver.checkRarelyUsedApp:98 com.huawei.systemmanager.spacecleanner.receiver.SpaceCleanReceiver.doInBackground:46 java.lang.reflect.Method.invoke:-2 
05-11 23:02:50.398 13805 13939 W ContextImpl: Calling a method in the system process without a qualified user: android.app.ContextImpl.startService:1771 android.content.ContextWrapper.startService:664 com.huawei.systemmanager.spacecleanner.receiver.SpaceCleanReceiver.checkRarelyUsedApp:98 com.huawei.systemmanager.spacecleanner.receiver.SpaceCleanReceiver.doInBackground:46 java.lang.reflect.Method.invoke:-2 
05-11 23:02:50.415 13941 13941 W ContextImpl: Calling a method in the system process without a qualified user: android.app.ContextImpl.startService:1771 android.content.ContextWrapper.startService:664 android.content.ContextWrapper.startService:664 com.huawei.systemmanager.antivirus.utils.AntiVirusTools.deleteVirusApk:740 com.huawei.systemmanager.antivirus.AntiVirusReceiver.handlerPackageRemoved:58 
05-11 23:02:50.462  1961  1961 W ContextImpl: Calling a method in the system process without a qualified user: android.app.ContextImpl.startService:1771 android.content.ContextWrapper.startService:664 android.content.ContextWrapper.startService:664 com.android.settings.applications.BlackListReceiver.onReceive:50 android.app.ActivityThread.handleReceiver:4018 
05-11 23:02:50.484 13941 13941 W ContextImpl: Calling a method in the system process without a qualified user: android.app.ContextImpl.startService:1771 android.content.ContextWrapper.startService:664 android.content.ContextWrapper.startService:664 com.huawei.systemmanager.antivirus.utils.AntiVirusTools.checkVirusForNewInstalledApk:728 com.huawei.systemmanager.antivirus.AntiVirusReceiver.onReceive:42 
05-11 23:02:50.487 13805 13805 W ContextImpl: Calling a method in the system process without a qualified user: android.app.ContextImpl.startService:1771 android.content.ContextWrapper.startService:664 com.huawei.systemmanager.antivirus.AntiVirusService.handleInstalledApkCheck:391 com.huawei.systemmanager.antivirus.AntiVirusService.onStartCommand:296 android.app.ActivityThread.handleServiceArgs:4316 
05-11 23:02:50.496 14510 14547 W ContextImpl: Calling a method in the system process without a qualified user: android.app.ContextImpl.bindService:1851 android.content.ContextWrapper.bindService:698 com.qihoo.qvssdk.AntivirusEngineImpl.install:85 com.qihoo.qvssdk.AntivirusProviderImpl.install:123 com.huawei.systemmanager.antivirus.newengine.AntivirusScanHelper$ScanTask.call:58 
05-11 23:02:50.509  1961  1961 W ContextImpl: Calling a method in the system process without a qualified user: android.app.ContextImpl.startService:1771 android.content.ContextWrapper.startService:664 android.content.ContextWrapper.startService:664 com.android.settings.applications.BlackListReceiver.onReceive:50 android.app.ActivityThread.handleReceiver:4018 
05-11 23:02:50.537  1294 14966 I chatty  : uid=1000(system) Binder:1294_1F expire 11 lines
05-11 23:02:50.783 14510 15877 W PackageParser: Problem in package /data/app/com.huawei.appmarket-9WtQK3r019ztOsOBeLZhqQ==/base.apk:
05-11 23:02:50.783 14510 15877 W PackageParser: Unknown element under <activity>: intent-downloadFilter at /data/app/com.huawei.appmarket-9WtQK3r019ztOsOBeLZhqQ==/base.apk Binary XML file line #837
05-11 23:04:08.567   614   742 W SocketListener: sending broadcast to Pid = 1294, Uid = 1000 
05-11 23:04:26.639   614   742 W SocketListener: sending broadcast to Pid = 1294, Uid = 1000 
05-11 23:04:26.654   614   742 W SocketListener: sending broadcast to Pid = 1294, Uid = 1000 
05-11 23:04:26.658  1294  1520 I chatty  : uid=1000(system) batterystats-wo expire 10 lines
05-11 23:04:51.642   614   742 W SocketListener: sending broadcast to Pid = 1294, Uid = 1000 
05-11 23:04:51.657   614   742 W SocketListener: sending broadcast to Pid = 1294, Uid = 1000 
05-11 23:04:51.658  1294  1767 I chatty  : uid=1000(system) NetdConnector expire 10 lines
05-11 23:04:52.434  2073  2073 I chatty  : uid=1000(system) com.huawei.systemserver expire 18 lines
05-11 23:05:54.639   614   742 W SocketListener: sending broadcast to Pid = 1294, Uid = 1000 
05-11 23:05:54.656   614   742 W SocketListener: sending broadcast to Pid = 1294, Uid = 1000 
05-11 23:05:54.666   614   742 W SocketListener: sending broadcast to Pid = 1294, Uid = 1000 
05-11 23:06:41.653   614   742 W SocketListener: sending broadcast to Pid = 1294, Uid = 1000 
05-11 23:06:41.687   614   742 W SocketListener: sending broadcast to Pid = 1294, Uid = 1000 
05-11 23:06:41.688  1294  1767 I chatty  : uid=1000(system) NetdConnector expire 10 lines
05-11 23:07:21.657   614   742 W SocketListener: sending broadcast to Pid = 1294, Uid = 1000 
05-11 23:07:21.659  1294  1532 I chatty  : uid=1000(system) android.fg expire 18 lines
05-11 23:07:53.684   614   742 W SocketListener: sending broadcast to Pid = 1294, Uid = 1000 
05-11 23:08:37.656   614   742 W SocketListener: sending broadcast to Pid = 1294, Uid = 1000 
05-11 23:08:51.940   614   742 W SocketListener: sending broadcast to Pid = 1294, Uid = 1000 
05-11 23:08:51.943  1294  1975 I chatty  : uid=1000(system) Binder:1294_5 expire 12 lines
05-11 23:09:52.657   614   742 W SocketListener: sending broadcast to Pid = 1294, Uid = 1000 
05-11 23:09:52.658  1294  1767 I chatty  : uid=1000(system) NetdConnector expire 10 lines
05-11 23:09:52.660  1294  1294 I chatty  : uid=1000 system_server expire 38 lines
05-11 23:09:52.700   614   742 W SocketListener: sending broadcast to Pid = 1294, Uid = 1000 
05-11 23:09:52.760  1294  1513 I chatty  : uid=1000(system) ActivityManager expire 12 lines
05-11 23:09:52.760  1294  2049 I chatty  : uid=1000(system) MultiTaskManage expire 11 lines
05-11 23:09:52.790 15925 15925 D ActivityThread: Attach thread to application
05-11 23:09:52.848  1294  2618 I chatty  : uid=1000(system) Binder:1294_A expire 46 lines
05-11 23:09:56.998  1294  1511 I chatty  : uid=1000(system) android.ui expire 84 lines
05-11 23:09:57.023  1294  1537 I chatty  : uid=1000(system) PowerManagerSer expire 36 lines
05-11 23:09:57.046  2073  7677 I chatty  : uid=1000(system) Binder:2073_9 expire 27 lines
05-11 23:09:57.048  1933  2300 I PermissionManager: camera remind result:true
05-11 23:09:57.049  1933  2300 I BackgroundPermManager: pkgName: com.android.systemui,pid: 1933 ,uidOf3RdApk: 10032 ,permType: 0 ,permCfg: 1
05-11 23:09:57.049  1294  2365 I chatty  : uid=1000(system) android.fg expire 64 lines
05-11 23:09:57.062  1294  1899 I chatty  : uid=1000(system) PhotonicModulat expire 10 lines
05-11 23:09:57.149  1294  2702 I chatty  : uid=1000(system) Binder:1294_C expire 33 lines
05-11 23:09:57.171  1294  1820 I chatty  : uid=1000(system) WifiP2pService expire 17 lines
05-11 23:09:57.172  1294  1785 I chatty  : uid=1000(system) WifiStateMachin expire 17 lines
05-11 23:09:57.187   540 15969 D vold    : idle maintenance stopped
05-11 23:09:57.194  2073  2231 I chatty  : uid=1000(system) HwCommBoosterTh expire 46 lines
05-11 23:09:57.198  1933  1933 W KeyguardViewMediator: notifyDrawn as: ScreenTurningOn 
05-11 23:09:57.203  1294  1607 I chatty  : uid=1000(system) android.anim expire 25 lines
05-11 23:09:57.218  1294  1819 I chatty  : uid=1000(system) WifiScanningSer expire 6 lines
05-11 23:09:57.239  2073  3572 I chatty  : uid=1000(system) facerecognize expire 32 lines
05-11 23:09:57.278  1294  1446 I chatty  : uid=1000(system) Binder:1294_1 expire 25 lines
05-11 23:09:57.288  2163  2163 I Telephony-PstnPhoneCapabilitiesNotifier: handleVideoCapabilitesChanged. Video capability - false
05-11 23:09:57.293  1294  1673 I chatty  : uid=1000(system) hw_finger_unloc expire 4 lines
05-11 23:09:57.335  1294  1540 I chatty  : uid=1000(system) HwBinder:1294_1 expire 4 lines
05-11 23:09:57.335  1294  1864 I chatty  : uid=1000(system) fingerprintServ expire 30 lines
05-11 23:09:57.335  1933  1933 W FingerprintManager: Invalid acquired message: 6, 1100
05-11 23:09:57.338  1933  1933 W FingerprintManager: Invalid acquired message: 6, 1105
05-11 23:09:57.343  1294  3252 I chatty  : uid=1000(system) FingerViewContr expire 14 lines
05-11 23:09:57.351 16002 16002 D ActivityThread: Attach thread to application
05-11 23:09:57.354  1933  1933 W FingerprintManager: Invalid acquired message: 6, 1002
05-11 23:09:57.354  1933  1933 W FingerprintManager: Invalid acquired message: 6, 1102
05-11 23:09:57.359  2163  2163 I Telephony-PstnPhoneCapabilitiesNotifier: handleVideoCapabilitesChanged. Video capability - false
05-11 23:09:57.505  2073  2251 I chatty  : uid=1000(system) HwBinder:2073_1 expire 6 lines
05-11 23:09:57.505  1294  1975 I chatty  : uid=1000(system) Binder:1294_5 expire 12 lines
05-11 23:09:57.688  1294 14879 I chatty  : uid=1000(system) Binder:1294_1D expire 10 lines
05-11 23:09:57.781  1294  1719 I chatty  : uid=1000(system) HwBinder:1294_2 expire 6 lines
05-11 23:09:57.799   540   551 D vold    : begin lockScreenPrepare
05-11 23:09:57.799   540   551 D vold    : e4crypt_lock_screen_prepare flag is: 3 user_id:0
05-11 23:09:57.800   540   551 D vold    : begin unlockUserScreenIsec
05-11 23:09:57.800   540   551 D vold    : begin unlock_user_screen_isec auth_type: 2 uid: 0 token_present=0
05-11 23:09:57.801   540   551 D vold    : flag is 3begin to unlock from HCCM
05-11 23:09:57.801   540   551 D vold    : begin read_and_install_ece_sece_key0
05-11 23:09:57.801   540   551 D vold    : begin read_key_from_vold 0
05-11 23:09:57.801   540   551 D vold    : begin installKeyIsec
05-11 23:09:57.802   540   551 D vold    : Added key 586241340 (ext4:f57c1717590d52bc) to keyring 916511949 in process 540
05-11 23:09:57.802   540   551 D vold    : Added key 842747550 (f2fs:f57c1717590d52bc) to keyring 916511949 in process 540
05-11 23:09:57.802   540   551 D vold    : Added key 781090656 (fscrypt:f57c1717590d52bc) to keyring 916511949 in process 540
05-11 23:09:57.802   540   551 D vold    : begin installKeyIsec
05-11 23:09:57.802   540   551 D vold    : Added key 719087868 (ext4:bfb0518f8097a306) to keyring 916511949 in process 540
05-11 23:09:57.802   540   551 D vold    : Added key 560426124 (f2fs:bfb0518f8097a306) to keyring 916511949 in process 540
05-11 23:09:57.802   540   551 D vold    : Added key 135083580 (fscrypt:bfb0518f8097a306) to keyring 916511949 in process 540
05-11 23:09:57.802   540   551 D vold    : Created keys for user 0
05-11 23:09:57.802   540   551 D vold    : unlock user screen success,begin to reset flag
05-11 23:09:57.802  1933  1933 W KeyguardViewMediator: kgsvc callback -> .keyguardGoingAway 4 false false
05-11 23:09:57.837  1294  1507 I chatty  : uid=1000(system) HwActivityManag expire 13 lines
05-11 23:09:57.843  2073  2073 I chatty  : uid=1000(system) com.huawei.systemserver expire 30 lines
05-11 23:09:57.845  1933  1933 W KeyguardViewMediator: callback -> onShowingStateChanged.
05-11 23:09:57.848  1933  2307 W KeyguardViewMediator: KgSvc reportKeyguardShowingChanged. cost = 3
05-11 23:09:57.849  1294  1509 I chatty  : uid=1000(system) ActivityManager expire 10 lines
05-11 23:09:57.902 16127 16127 D ActivityThread: Attach thread to application
05-11 23:09:57.942  1933  2300 I BackgroundPermManager: pkgName: com.android.systemui,pid: 1933 ,uidOf3RdApk: 10032 ,permType: 0 ,permCfg: 0
05-11 23:09:58.242   614   743 W SocketListener: sending broadcast to Pid = 1294, Uid = 1000 
05-11 23:09:58.647  2060  2141 I HwLBSService.HwNLPDBManager: query loc Form Cell Table
05-11 23:09:58.752  2060  2141 I chatty  : uid=1000(system) HwLocation identical 12 lines
05-11 23:09:58.906  2060  2141 I HwLBSService.HwNLPDBManager: query loc Form Cell Table
05-11 23:09:58.963  2060  2141 I HwLBSService.HwNLPDBManager: query loc Form Cell Table
05-11 23:09:58.964  2060  2141 I HwLBSService.HwNLPDBManager: query loc Form Cell Table
05-11 23:09:58.974  1294  2040 I chatty  : uid=1000(system) LocationThread expire 11 lines
05-11 23:09:58.975  2060 16228 D HwLBSService.HwNLPDBManager:  refreshLocToCellTable start
05-11 23:09:58.975  2060 16228 I HwLBSService.HwNLPDBManager: isCellIdExist
05-11 23:09:58.976  2060 16228 I HwLBSService.HwNLPDBManager: is Not CellIdExist 
05-11 23:09:58.976  2060 16228 I HwLBSService.HwNLPDBManager: tb_network count is 1
05-11 23:09:58.976  2060 16228 D HwLBSService.HwNLPDBManager: cellid is not Exist, insert cellinfo to DB MAX_COLUMN : 1000,  dbsize : 1
05-11 23:09:58.980  1294 16229 I chatty  : uid=1000 system_server expire 2 lines
05-11 23:09:58.982  1294 16230 I chatty  : uid=1000 system_server expire 1 line
05-11 23:10:02.611  1294  2203 I chatty  : uid=1000(system) Binder:1294_7 expire 19 lines
05-11 23:10:04.350   786   982 I storaged: storaged_t::event: storage_info refreshed.
05-11 23:10:04.578  1294  1717 I chatty  : uid=1000(system) InputReader expire 3 lines
05-11 23:10:04.756  1294  1294 I chatty  : uid=1000 system_server expire 16 lines
05-11 23:10:04.811  1294  2618 I chatty  : uid=1000(system) Binder:1294_A expire 22 lines
05-11 23:10:04.822   540   551 D vold    : begin lockScreenPrepare
05-11 23:10:04.822   540   551 D vold    : e4crypt_lock_screen_prepare flag is: 1 user_id:0
05-11 23:10:04.826  1294 14966 I chatty  : uid=1000(system) Binder:1294_1F expire 20 lines
05-11 23:10:04.869  1933  1933 W FingerprintManager: Invalid acquired message: 6, 1001
05-11 23:10:05.014  1294  1844 I chatty  : uid=1000(system) Thread-6 expire 21 lines
05-11 23:10:05.364  1933  1933 W KeyguardViewMediator: callback -> onShowingStateChanged.
05-11 23:10:05.373  1933  2307 W KeyguardViewMediator: KgSvc reportKeyguardShowingChanged. cost = 9
05-11 23:10:05.384  1294 16260 I chatty  : uid=1000 system_server expire 5 lines
05-11 23:10:05.384   540   551 D vold    : begin getKeyDesc
05-11 23:10:05.385   540   551 D vold    : begin getKeyDesc
05-11 23:10:05.385   540   551 D vold    : begin getPrepareFlag
05-11 23:10:05.385   540   551 D vold    : e4crypt_get_lock_screen_prepare_flag flag is: 1 user_id:0
05-11 23:10:05.393   540   551 D vold    : begin lockUserScreenIsec
05-11 23:10:05.393   540   551 D vold    : begin e4crypt_lock_user_screen_isec 0
05-11 23:10:05.394   540   551 D vold    : e4crypt_lock_user_screen 0
05-11 23:10:05.394   540   551 D vold    : evict_ece_key_from_keyring 0
05-11 23:10:05.394   540   551 D vold    : revoke key with serial 586241340 ref ext4:f57c1717590d52bc
05-11 23:10:05.394   540   551 D vold    : revoke key with serial 842747550 ref f2fs:f57c1717590d52bc
05-11 23:10:05.394   540   551 D vold    : revoke key with serial 781090656 ref fscrypt:f57c1717590d52bc
05-11 23:10:05.394   540   551 D vold    : evict_sece_pri_key_from_keyring 0
05-11 23:10:05.394   540   551 D vold    : begin installKeyIsec
05-11 23:10:05.394   540   551 D vold    : Added key 719087868 (ext4:bfb0518f8097a306) to keyring 916511949 in process 540
05-11 23:10:05.394   540   551 D vold    : Added key 560426124 (f2fs:bfb0518f8097a306) to keyring 916511949 in process 540
05-11 23:10:05.394   540   551 D vold    : Added key 135083580 (fscrypt:bfb0518f8097a306) to keyring 916511949 in process 540
05-11 23:10:05.394   540   551 D vold    : lock_user_screen_isec result:1
05-11 23:10:05.447  2073  2269 I chatty  : uid=1000(system) Binder:2073_4 expire 1 line
05-11 23:10:05.611  1294  3247 I chatty  : uid=1000(system) HwDeviceUsageCo expire 5 lines
05-11 23:10:38.653   614   742 W SocketListener: sending broadcast to Pid = 1294, Uid = 1000 
05-11 23:10:38.654  1294  1767 I chatty  : uid=1000(system) NetdConnector expire 10 lines
05-11 23:11:22.826  1294  1850 I chatty  : uid=1000(system) ConnectivityThr expire 11 lines
05-11 23:11:22.843  1294  1894 I chatty  : uid=1000(system) WifiProStateMac expire 4 lines
05-11 23:11:22.867   614   743 W SocketListener: sending broadcast to Pid = 1294, Uid = 1000 
05-11 23:11:23.761  1294  1446 I chatty  : uid=1000(system) Binder:1294_1 expire 16 lines
05-11 23:12:58.640   614   742 W SocketListener: sending broadcast to Pid = 1294, Uid = 1000 
05-11 23:12:58.655   614   742 W SocketListener: sending broadcast to Pid = 1294, Uid = 1000 
05-11 23:12:58.662   614   742 W SocketListener: sending broadcast to Pid = 1294, Uid = 1000 
05-11 23:12:58.663  1294  1767 I chatty  : uid=1000(system) NetdConnector expire 10 lines
05-11 23:13:21.656   614   742 W SocketListener: sending broadcast to Pid = 1294, Uid = 1000 
05-11 23:13:21.672   614   742 W SocketListener: sending broadcast to Pid = 1294, Uid = 1000 
05-11 23:13:52.656   614   742 W SocketListener: sending broadcast to Pid = 1294, Uid = 1000 
05-11 23:13:52.657  1294  2618 I chatty  : uid=1000(system) Binder:1294_A expire 16 lines
05-11 23:13:52.663  1294  2203 I chatty  : uid=1000(system) Binder:1294_7 expire 12 lines
05-11 23:13:52.673  1294  1975 I chatty  : uid=1000(system) Binder:1294_5 expire 17 lines
05-11 23:13:52.688   614   742 W SocketListener: sending broadcast to Pid = 1294, Uid = 1000 
05-11 23:13:52.729 16273 16273 D ActivityThread: Attach thread to application
05-11 23:13:53.147 16312 16312 D ActivityThread: Attach thread to application
05-11 23:13:53.158 16323 16323 D ActivityThread: Attach thread to application
05-11 23:13:53.415 16312 16312 D HwCustConnectivityManagerImpl: isBlockNetworkRequestByNonAis, INVALID_SUBSCRIPTION_ID
05-11 23:15:20.663   614   742 W SocketListener: sending broadcast to Pid = 1294, Uid = 1000 
05-11 23:15:20.665  1294  1767 I chatty  : uid=1000(system) NetdConnector expire 26 lines
05-11 23:15:20.669  1294  1532 I chatty  : uid=1000(system) android.fg expire 12 lines
05-11 23:15:20.671  1294  2203 I chatty  : uid=1000(system) Binder:1294_7 expire 34 lines
05-11 23:15:20.685   614   742 W SocketListener: sending broadcast to Pid = 1294, Uid = 1000 
05-11 23:15:20.685  1294  1505 I chatty  : uid=1000(system) android.bg expire 35 lines
05-11 23:15:20.721  1294  1294 I chatty  : uid=1000 system_server expire 11 lines
05-11 23:15:20.726  1294  1778 I chatty  : uid=1000(system) NetworkPolicy expire 10 lines
05-11 23:15:20.964 16312 16377 W PackageParser: Problem in package /data/user/0/com.huawei.appmarket/files/predl_com.huawei.appmarket_C27162.apk:
05-11 23:15:20.964 16312 16377 W PackageParser: Unknown element under <activity>: intent-downloadFilter at /data/user/0/com.huawei.appmarket/files/predl_com.huawei.appmarket_C27162.apk Binary XML file line #837
05-11 23:17:48.670   614   742 W SocketListener: sending broadcast to Pid = 1294, Uid = 1000 
05-11 23:17:49.435  1294  1824 I chatty  : uid=1000(system) ConnectivitySer expire 10 lines
